2025-11-05 12:54:07,205 | [INFO] | smart_agri_logger | cropslist | Line 39 | Processing new crop listing request...
2025-11-05 12:54:07,207 | [INFO] | smart_agri_logger | cropslist | Line 43 | Uploading image to Cloudinary...
2025-11-05 12:54:07,208 | [ERROR] | smart_agri_logger | cropslist | Line 78 | Error inserting crop: Must supply api_key
2025-11-05 12:54:26,865 | [INFO] | smart_agri_logger | cropslist | Line 39 | Processing new crop listing request...
2025-11-05 12:54:26,866 | [INFO] | smart_agri_logger | cropslist | Line 43 | Uploading image to Cloudinary...
2025-11-05 12:54:26,866 | [ERROR] | smart_agri_logger | cropslist | Line 78 | Error inserting crop: name 'image' is not defined
2025-11-05 12:57:13,718 | [INFO] | smart_agri_logger | cropslist | Line 39 | Processing new crop listing request...
2025-11-05 12:57:13,734 | [INFO] | smart_agri_logger | cropslist | Line 43 | Uploading image to Cloudinary...
2025-11-05 12:57:13,735 | [ERROR] | smart_agri_logger | cropslist | Line 78 | Error inserting crop: name 'image' is not defined
2025-11-05 13:00:01,111 | [INFO] | smart_agri_logger | cropslist | Line 40 | Processing new crop listing request...
2025-11-05 13:00:01,112 | [INFO] | smart_agri_logger | cropslist | Line 44 | Uploading image to Cloudinary...
2025-11-05 13:00:01,112 | [ERROR] | smart_agri_logger | cropslist | Line 79 | Error inserting crop: 'NoneType' object has no attribute 'file'
2025-11-05 13:00:50,833 | [INFO] | smart_agri_logger | cropslist | Line 39 | Processing new crop listing request...
2025-11-05 13:00:50,834 | [INFO] | smart_agri_logger | cropslist | Line 43 | Uploading image to Cloudinary...
2025-11-05 13:00:50,835 | [ERROR] | smart_agri_logger | cropslist | Line 78 | Error inserting crop: 'NoneType' object has no attribute 'file'
2025-11-05 13:01:49,591 | [INFO] | smart_agri_logger | cropslist | Line 39 | Processing new crop listing request...
2025-11-05 13:01:49,592 | [INFO] | smart_agri_logger | cropslist | Line 43 | Uploading image to Cloudinary...
2025-11-05 13:01:49,592 | [ERROR] | smart_agri_logger | cropslist | Line 78 | Error inserting crop: 'NoneType' object has no attribute 'file'
2025-11-05 13:02:22,964 | [INFO] | smart_agri_logger | cropslist | Line 39 | Processing new crop listing request...
2025-11-05 13:02:22,964 | [INFO] | smart_agri_logger | cropslist | Line 43 | Uploading image to Cloudinary...
2025-11-05 13:02:22,964 | [ERROR] | smart_agri_logger | cropslist | Line 78 | Error inserting crop: 'str' object has no attribute 'file'
2025-11-05 13:03:03,982 | [INFO] | smart_agri_logger | cropslist | Line 39 | Processing new crop listing request...
2025-11-05 13:03:03,982 | [INFO] | smart_agri_logger | cropslist | Line 43 | Uploading image to Cloudinary...
2025-11-05 13:03:03,983 | [ERROR] | smart_agri_logger | cropslist | Line 78 | Error inserting crop: 'str' object has no attribute 'file'
2025-11-05 13:03:10,899 | [INFO] | smart_agri_logger | cropslist | Line 39 | Processing new crop listing request...
2025-11-05 13:03:10,899 | [INFO] | smart_agri_logger | cropslist | Line 43 | Uploading image to Cloudinary...
2025-11-05 13:03:10,900 | [ERROR] | smart_agri_logger | cropslist | Line 78 | Error inserting crop: 'str' object has no attribute 'file'
2025-11-05 13:03:22,831 | [INFO] | smart_agri_logger | cropslist | Line 39 | Processing new crop listing request...
2025-11-05 13:03:22,832 | [INFO] | smart_agri_logger | cropslist | Line 43 | Uploading image to Cloudinary...
2025-11-05 13:03:22,832 | [ERROR] | smart_agri_logger | cropslist | Line 78 | Error inserting crop: 'str' object has no attribute 'file'
2025-11-05 13:03:43,554 | [ERROR] | smart_agri_logger | cropslist | Line 78 | Error inserting crop: time data 'string' does not match format '%Y-%m-%d'
2025-11-05 13:03:58,435 | [INFO] | smart_agri_logger | cropslist | Line 39 | Processing new crop listing request...
2025-11-05 13:03:58,436 | [INFO] | smart_agri_logger | cropslist | Line 43 | Uploading image to Cloudinary...
2025-11-05 13:03:58,436 | [ERROR] | smart_agri_logger | cropslist | Line 78 | Error inserting crop: 'str' object has no attribute 'file'
2025-11-05 13:04:21,659 | [INFO] | smart_agri_logger | cropslist | Line 39 | Processing new crop listing request...
2025-11-05 13:04:21,660 | [INFO] | smart_agri_logger | cropslist | Line 43 | Uploading image to Cloudinary...
2025-11-05 13:04:21,661 | [ERROR] | smart_agri_logger | cropslist | Line 78 | Error inserting crop: 'view_count' is an invalid keyword argument for CropListing
2025-11-05 13:04:31,802 | [INFO] | smart_agri_logger | cropslist | Line 39 | Processing new crop listing request...
2025-11-05 13:04:31,803 | [INFO] | smart_agri_logger | cropslist | Line 43 | Uploading image to Cloudinary...
2025-11-05 13:04:31,803 | [ERROR] | smart_agri_logger | cropslist | Line 78 | Error inserting crop: 'view_count' is an invalid keyword argument for CropListing
2025-11-05 13:04:37,603 | [INFO] | smart_agri_logger | cropslist | Line 39 | Processing new crop listing request...
2025-11-05 13:04:37,604 | [INFO] | smart_agri_logger | cropslist | Line 43 | Uploading image to Cloudinary...
2025-11-05 13:04:37,604 | [ERROR] | smart_agri_logger | cropslist | Line 78 | Error inserting crop: 'view_count' is an invalid keyword argument for CropListing
2025-11-05 13:06:25,352 | [INFO] | smart_agri_logger | cropslist | Line 38 | Processing new crop listing request...
2025-11-05 13:06:25,353 | [INFO] | smart_agri_logger | cropslist | Line 42 | Uploading image to Cloudinary...
2025-11-05 13:06:25,382 | [ERROR] | smart_agri_logger | cropslist | Line 76 | Error inserting crop: (psycopg2.errors.DatatypeMismatch) column "id" is of type integer but expression is of type uuid
LINE 1: ...location, image_url, description, status) VALUES ('cf6b13b0-...
                                                             ^
HINT:  You will need to rewrite or cast the expression.

[SQL: INSERT INTO crops_listings (id, crop_name, quantity_kg, price_per_kg, harvest_date, expiry_date, category, location, image_url, description, status) VALUES (%(id)s::UUID, %(crop_name)s, %(quantity_kg)s, %(price_per_kg)s, %(harvest_date)s, %(expiry_date)s, %(category)s, %(location)s, %(image_url)s, %(description)s, %(status)s) RETURNING crops_listings.created_at]
[parameters: {'id': UUID('cf6b13b0-b7c3-4529-adec-45c57cfb8305'), 'crop_name': 'string', 'quantity_kg': 0.0, 'price_per_kg': 0.0, 'harvest_date': datetime.date(2021, 5, 8), 'expiry_date': datetime.date(2022, 5, 8), 'category': 'OTHER', 'location': 'string', 'image_url': 'string', 'description': 'string', 'status': 'Available'}]
(Background on this error at: https://sqlalche.me/e/20/f405)
2025-11-05 13:06:59,653 | [INFO] | smart_agri_logger | cropslist | Line 38 | Processing new crop listing request...
2025-11-05 13:06:59,653 | [INFO] | smart_agri_logger | cropslist | Line 42 | Uploading image to Cloudinary...
2025-11-05 13:06:59,660 | [ERROR] | smart_agri_logger | cropslist | Line 76 | Error inserting crop: (psycopg2.errors.DatatypeMismatch) column "id" is of type integer but expression is of type uuid
LINE 1: ...location, image_url, description, status) VALUES ('ae1c4125-...
                                                             ^
HINT:  You will need to rewrite or cast the expression.

[SQL: INSERT INTO crops_listings (id, crop_name, quantity_kg, price_per_kg, harvest_date, expiry_date, category, location, image_url, description, status) VALUES (%(id)s::UUID, %(crop_name)s, %(quantity_kg)s, %(price_per_kg)s, %(harvest_date)s, %(expiry_date)s, %(category)s, %(location)s, %(image_url)s, %(description)s, %(status)s) RETURNING crops_listings.created_at]
[parameters: {'id': UUID('ae1c4125-9b81-4192-8975-d38bf62911fe'), 'crop_name': 'string', 'quantity_kg': 0.0, 'price_per_kg': 0.0, 'harvest_date': datetime.date(2021, 5, 8), 'expiry_date': datetime.date(2022, 5, 8), 'category': 'OTHER', 'location': 'string', 'image_url': 'string', 'description': 'string', 'status': 'Available'}]
(Background on this error at: https://sqlalche.me/e/20/f405)
2025-11-05 13:07:06,021 | [INFO] | smart_agri_logger | cropslist | Line 38 | Processing new crop listing request...
2025-11-05 13:07:06,032 | [INFO] | smart_agri_logger | cropslist | Line 42 | Uploading image to Cloudinary...
2025-11-05 13:07:06,037 | [ERROR] | smart_agri_logger | cropslist | Line 76 | Error inserting crop: (psycopg2.errors.DatatypeMismatch) column "id" is of type integer but expression is of type uuid
LINE 1: ...location, image_url, description, status) VALUES ('93cd9e3a-...
                                                             ^
HINT:  You will need to rewrite or cast the expression.

[SQL: INSERT INTO crops_listings (id, crop_name, quantity_kg, price_per_kg, harvest_date, expiry_date, category, location, image_url, description, status) VALUES (%(id)s::UUID, %(crop_name)s, %(quantity_kg)s, %(price_per_kg)s, %(harvest_date)s, %(expiry_date)s, %(category)s, %(location)s, %(image_url)s, %(description)s, %(status)s) RETURNING crops_listings.created_at]
[parameters: {'id': UUID('93cd9e3a-6336-45e4-8541-5e87d4d66d2c'), 'crop_name': 'string', 'quantity_kg': 0.0, 'price_per_kg': 0.0, 'harvest_date': datetime.date(2021, 5, 8), 'expiry_date': datetime.date(2022, 5, 8), 'category': 'OTHER', 'location': 'string', 'image_url': 'string', 'description': 'string', 'status': 'Available'}]
(Background on this error at: https://sqlalche.me/e/20/f405)
2025-11-05 13:07:28,039 | [INFO] | smart_agri_logger | cropslist | Line 38 | Processing new crop listing request...
2025-11-05 13:07:28,040 | [INFO] | smart_agri_logger | cropslist | Line 41 | Uploading image to Cloudinary...
2025-11-05 13:07:28,046 | [ERROR] | smart_agri_logger | cropslist | Line 74 | Error inserting crop: (psycopg2.errors.DatatypeMismatch) column "id" is of type integer but expression is of type uuid
LINE 1: ...location, image_url, description, status) VALUES ('e340c7de-...
                                                             ^
HINT:  You will need to rewrite or cast the expression.

[SQL: INSERT INTO crops_listings (id, crop_name, quantity_kg, price_per_kg, harvest_date, expiry_date, category, location, image_url, description, status) VALUES (%(id)s::UUID, %(crop_name)s, %(quantity_kg)s, %(price_per_kg)s, %(harvest_date)s, %(expiry_date)s, %(category)s, %(location)s, %(image_url)s, %(description)s, %(status)s) RETURNING crops_listings.created_at]
[parameters: {'id': UUID('e340c7de-ab8e-48c9-8fb2-9afbf4d58a00'), 'crop_name': 'string', 'quantity_kg': 0.0, 'price_per_kg': 0.0, 'harvest_date': datetime.date(2021, 5, 8), 'expiry_date': datetime.date(2022, 5, 8), 'category': 'OTHER', 'location': 'string', 'image_url': 'string', 'description': 'string', 'status': 'Available'}]
(Background on this error at: https://sqlalche.me/e/20/f405)
2025-11-05 13:07:59,179 | [INFO] | smart_agri_logger | cropslist | Line 38 | Processing new crop listing request...
2025-11-05 13:07:59,179 | [INFO] | smart_agri_logger | cropslist | Line 41 | Uploading image to Cloudinary...
2025-11-05 13:07:59,183 | [ERROR] | smart_agri_logger | cropslist | Line 74 | Error inserting crop: (psycopg2.errors.DatatypeMismatch) column "id" is of type integer but expression is of type uuid
LINE 1: ...location, image_url, description, status) VALUES ('6a45c00e-...
                                                             ^
HINT:  You will need to rewrite or cast the expression.

[SQL: INSERT INTO crops_listings (id, crop_name, quantity_kg, price_per_kg, harvest_date, expiry_date, category, location, image_url, description, status) VALUES (%(id)s::UUID, %(crop_name)s, %(quantity_kg)s, %(price_per_kg)s, %(harvest_date)s, %(expiry_date)s, %(category)s, %(location)s, %(image_url)s, %(description)s, %(status)s) RETURNING crops_listings.created_at]
[parameters: {'id': UUID('6a45c00e-bdcc-4a68-8bd8-926d73f3c364'), 'crop_name': 'string', 'quantity_kg': 0.0, 'price_per_kg': 0.0, 'harvest_date': datetime.date(2021, 5, 8), 'expiry_date': datetime.date(2022, 5, 8), 'category': 'OTHER', 'location': 'string', 'image_url': 'string', 'description': 'string', 'status': 'Available'}]
(Background on this error at: https://sqlalche.me/e/20/f405)
2025-11-05 13:09:51,351 | [INFO] | smart_agri_logger | cropslist | Line 38 | Processing new crop listing request...
2025-11-05 13:09:51,352 | [INFO] | smart_agri_logger | cropslist | Line 41 | Uploading image to Cloudinary...
2025-11-05 13:09:51,360 | [ERROR] | smart_agri_logger | cropslist | Line 74 | Error inserting crop: (psycopg2.errors.DatatypeMismatch) column "id" is of type integer but expression is of type uuid
LINE 1: ...location, image_url, description, status) VALUES ('aa56df40-...
                                                             ^
HINT:  You will need to rewrite or cast the expression.

[SQL: INSERT INTO crops_listings (id, crop_name, quantity_kg, price_per_kg, harvest_date, expiry_date, category, location, image_url, description, status) VALUES (%(id)s::UUID, %(crop_name)s, %(quantity_kg)s, %(price_per_kg)s, %(harvest_date)s, %(expiry_date)s, %(category)s, %(location)s, %(image_url)s, %(description)s, %(status)s) RETURNING crops_listings.created_at]
[parameters: {'id': UUID('aa56df40-6a6c-43ed-90db-0b7bc5a61213'), 'crop_name': 'string', 'quantity_kg': 0.0, 'price_per_kg': 0.0, 'harvest_date': datetime.date(2021, 5, 8), 'expiry_date': datetime.date(2022, 5, 8), 'category': 'OTHER', 'location': 'string', 'image_url': 'string', 'description': 'string', 'status': 'Available'}]
(Background on this error at: https://sqlalche.me/e/20/f405)
2025-11-05 13:12:10,868 | [INFO] | smart_agri_logger | cropslist | Line 38 | Processing new crop listing request...
2025-11-05 13:12:10,870 | [INFO] | smart_agri_logger | cropslist | Line 41 | Uploading image to Cloudinary...
2025-11-05 13:12:10,884 | [ERROR] | smart_agri_logger | cropslist | Line 74 | Error inserting crop: (psycopg2.errors.DatatypeMismatch) column "id" is of type integer but expression is of type uuid
LINE 1: ...location, image_url, description, status) VALUES ('6369393d-...
                                                             ^
HINT:  You will need to rewrite or cast the expression.

[SQL: INSERT INTO crops_listings (id, crop_name, quantity_kg, price_per_kg, harvest_date, expiry_date, category, location, image_url, description, status) VALUES (%(id)s::UUID, %(crop_name)s, %(quantity_kg)s, %(price_per_kg)s, %(harvest_date)s, %(expiry_date)s, %(category)s, %(location)s, %(image_url)s, %(description)s, %(status)s) RETURNING crops_listings.created_at]
[parameters: {'id': UUID('6369393d-699d-494c-b91e-ea59cae17c84'), 'crop_name': 'string', 'quantity_kg': 0.0, 'price_per_kg': 0.0, 'harvest_date': datetime.date(2021, 5, 8), 'expiry_date': datetime.date(2022, 5, 8), 'category': 'OTHER', 'location': 'string', 'image_url': 'string', 'description': 'string', 'status': 'Available'}]
(Background on this error at: https://sqlalche.me/e/20/f405)
2025-11-05 13:12:43,362 | [INFO] | smart_agri_logger | cropslist | Line 38 | Processing new crop listing request...
2025-11-05 13:12:43,363 | [INFO] | smart_agri_logger | cropslist | Line 41 | Uploading image to Cloudinary...
2025-11-05 13:12:43,373 | [ERROR] | smart_agri_logger | cropslist | Line 75 | Error inserting crop: (psycopg2.errors.DatatypeMismatch) column "id" is of type integer but expression is of type uuid
LINE 1: ...location, image_url, description, status) VALUES ('85fe1f83-...
                                                             ^
HINT:  You will need to rewrite or cast the expression.

[SQL: INSERT INTO crops_listings (id, crop_name, quantity_kg, price_per_kg, harvest_date, expiry_date, category, location, image_url, description, status) VALUES (%(id)s::UUID, %(crop_name)s, %(quantity_kg)s, %(price_per_kg)s, %(harvest_date)s, %(expiry_date)s, %(category)s, %(location)s, %(image_url)s, %(description)s, %(status)s) RETURNING crops_listings.created_at]
[parameters: {'id': UUID('85fe1f83-5003-4be4-8062-6396d56680bc'), 'crop_name': 'string', 'quantity_kg': 0.0, 'price_per_kg': 0.0, 'harvest_date': datetime.date(2021, 5, 8), 'expiry_date': datetime.date(2022, 5, 8), 'category': 'OTHER', 'location': 'string', 'image_url': 'string', 'description': 'string', 'status': 'Available'}]
(Background on this error at: https://sqlalche.me/e/20/f405)
2025-11-05 13:19:30,288 | [INFO] | smart_agri_logger | cropslist | Line 38 | Processing new crop listing request...
2025-11-05 13:19:30,292 | [INFO] | smart_agri_logger | cropslist | Line 41 | Uploading image to Cloudinary...
2025-11-05 13:19:30,322 | [ERROR] | smart_agri_logger | cropslist | Line 75 | Error inserting crop: (psycopg2.errors.DatatypeMismatch) column "id" is of type integer but expression is of type uuid
LINE 1: ...location, image_url, description, status) VALUES ('cfb6e193-...
                                                             ^
HINT:  You will need to rewrite or cast the expression.

[SQL: INSERT INTO crops_listings (id, crop_name, quantity_kg, price_per_kg, harvest_date, expiry_date, category, location, image_url, description, status) VALUES (%(id)s::UUID, %(crop_name)s, %(quantity_kg)s, %(price_per_kg)s, %(harvest_date)s, %(expiry_date)s, %(category)s, %(location)s, %(image_url)s, %(description)s, %(status)s) RETURNING crops_listings.created_at]
[parameters: {'id': UUID('cfb6e193-53bf-4221-a119-0b17669224fd'), 'crop_name': 'string', 'quantity_kg': 0.0, 'price_per_kg': 0.0, 'harvest_date': datetime.date(2021, 5, 8), 'expiry_date': datetime.date(2022, 5, 8), 'category': 'OTHER', 'location': 'string', 'image_url': 'string', 'description': 'string', 'status': 'Available'}]
(Background on this error at: https://sqlalche.me/e/20/f405)
2025-11-05 13:19:55,350 | [INFO] | smart_agri_logger | cropslist | Line 38 | Processing new crop listing request...
2025-11-05 13:19:55,351 | [INFO] | smart_agri_logger | cropslist | Line 41 | Uploading image to Cloudinary...
2025-11-05 13:19:55,354 | [ERROR] | smart_agri_logger | cropslist | Line 75 | Error inserting crop: (psycopg2.errors.DatatypeMismatch) column "id" is of type integer but expression is of type uuid
LINE 1: ...location, image_url, description, status) VALUES ('8e478385-...
                                                             ^
HINT:  You will need to rewrite or cast the expression.

[SQL: INSERT INTO crops_listings (id, crop_name, quantity_kg, price_per_kg, harvest_date, expiry_date, category, location, image_url, description, status) VALUES (%(id)s::UUID, %(crop_name)s, %(quantity_kg)s, %(price_per_kg)s, %(harvest_date)s, %(expiry_date)s, %(category)s, %(location)s, %(image_url)s, %(description)s, %(status)s) RETURNING crops_listings.created_at]
[parameters: {'id': UUID('8e478385-6ded-4484-9b3b-42931e2cba18'), 'crop_name': 'string', 'quantity_kg': 0.0, 'price_per_kg': 0.0, 'harvest_date': datetime.date(2021, 5, 8), 'expiry_date': datetime.date(2022, 5, 8), 'category': 'OTHER', 'location': 'string', 'image_url': 'string', 'description': 'string', 'status': 'Available'}]
(Background on this error at: https://sqlalche.me/e/20/f405)
2025-11-05 13:27:55,884 | [INFO] | smart_agri_logger | cropslist | Line 38 | Processing new crop listing request...
2025-11-05 13:27:55,886 | [INFO] | smart_agri_logger | cropslist | Line 41 | Uploading image to Cloudinary...
2025-11-05 13:27:55,910 | [ERROR] | smart_agri_logger | cropslist | Line 75 | Error inserting crop: (psycopg2.errors.DatatypeMismatch) column "id" is of type integer but expression is of type uuid
LINE 1: ...location, image_url, description, status) VALUES ('e1e152a1-...
                                                             ^
HINT:  You will need to rewrite or cast the expression.

[SQL: INSERT INTO crops_listings (id, crop_name, quantity_kg, price_per_kg, harvest_date, expiry_date, category, location, image_url, description, status) VALUES (%(id)s, %(crop_name)s, %(quantity_kg)s, %(price_per_kg)s, %(harvest_date)s, %(expiry_date)s, %(category)s, %(location)s, %(image_url)s, %(description)s, %(status)s) RETURNING crops_listings.created_at]
[parameters: {'id': UUID('e1e152a1-3443-488e-ab0a-16bc749e57cf'), 'crop_name': 'string', 'quantity_kg': 0.0, 'price_per_kg': 0.0, 'harvest_date': datetime.date(2021, 5, 8), 'expiry_date': datetime.date(2022, 5, 8), 'category': 'OTHER', 'location': 'string', 'image_url': 'string', 'description': 'string', 'status': 'Available'}]
(Background on this error at: https://sqlalche.me/e/20/f405)
2025-11-05 13:28:17,842 | [INFO] | smart_agri_logger | cropslist | Line 38 | Processing new crop listing request...
2025-11-05 13:28:17,842 | [INFO] | smart_agri_logger | cropslist | Line 41 | Uploading image to Cloudinary...
2025-11-05 13:28:17,847 | [ERROR] | smart_agri_logger | cropslist | Line 75 | Error inserting crop: (psycopg2.errors.DatatypeMismatch) column "id" is of type integer but expression is of type uuid
LINE 1: ...location, image_url, description, status) VALUES ('e9445bd8-...
                                                             ^
HINT:  You will need to rewrite or cast the expression.

[SQL: INSERT INTO crops_listings (id, crop_name, quantity_kg, price_per_kg, harvest_date, expiry_date, category, location, image_url, description, status) VALUES (%(id)s, %(crop_name)s, %(quantity_kg)s, %(price_per_kg)s, %(harvest_date)s, %(expiry_date)s, %(category)s, %(location)s, %(image_url)s, %(description)s, %(status)s) RETURNING crops_listings.created_at]
[parameters: {'id': UUID('e9445bd8-e4a0-42e6-835a-02b211d1c4fb'), 'crop_name': 'string', 'quantity_kg': 0.0, 'price_per_kg': 0.0, 'harvest_date': datetime.date(2022, 5, 8), 'expiry_date': datetime.date(2021, 5, 8), 'category': 'OTHER', 'location': 'string', 'image_url': 'string', 'description': 'string', 'status': 'Available'}]
(Background on this error at: https://sqlalche.me/e/20/f405)
2025-11-05 13:28:32,764 | [INFO] | smart_agri_logger | cropslist | Line 38 | Processing new crop listing request...
2025-11-05 13:28:32,765 | [INFO] | smart_agri_logger | cropslist | Line 41 | Uploading image to Cloudinary...
2025-11-05 13:28:32,818 | [INFO] | smart_agri_logger | cropslist | Line 69 | Crop 'string' added successfully with ID 13
2025-11-05 17:12:48,008 | [INFO] | smart_agri_logger | cropslist | Line 38 | Processing new crop listing request...
2025-11-05 17:12:48,030 | [INFO] | smart_agri_logger | cropslist | Line 41 | Uploading image to Cloudinary...
2025-11-05 17:12:48,411 | [INFO] | smart_agri_logger | cropslist | Line 69 | Crop 'Cashew ' added successfully with ID 14
2025-11-05 20:51:57,805 | [INFO] | smart_agri_logger | cropslist | Line 38 | Processing new crop listing request...
2025-11-05 20:51:57,806 | [INFO] | smart_agri_logger | cropslist | Line 41 | Uploading image to Cloudinary...
2025-11-05 20:51:57,840 | [ERROR] | smart_agri_logger | cropslist | Line 74 | Error inserting crop: (psycopg2.errors.InvalidTextRepresentation) invalid input value for enum cropcategory: "vegetables"
LINE 1: ...7.0, 7.0, '2025-05-04'::date, '2025-04-05'::date, 'vegetable...
                                                             ^

[SQL: INSERT INTO crops_listings (crop_name, quantity_kg, price_per_kg, harvest_date, expiry_date, category, location, image_url, description, status) VALUES (%(crop_name)s, %(quantity_kg)s, %(price_per_kg)s, %(harvest_date)s, %(expiry_date)s, %(category)s, %(location)s, %(image_url)s, %(description)s, %(status)s) RETURNING crops_listings.id, crops_listings.created_at]
[parameters: {'crop_name': 'Tomatoes', 'quantity_kg': 47.0, 'price_per_kg': 7.0, 'harvest_date': datetime.date(2025, 5, 4), 'expiry_date': datetime.date(2025, 4, 5), 'category': 'vegetables', 'location': 'mumbai', 'image_url': 'string', 'description': 'this is tomo', 'status': 'Available'}]
(Background on this error at: https://sqlalche.me/e/20/9h9h)
2025-11-05 20:52:21,412 | [INFO] | smart_agri_logger | cropslist | Line 38 | Processing new crop listing request...
2025-11-05 20:52:21,413 | [INFO] | smart_agri_logger | cropslist | Line 41 | Uploading image to Cloudinary...
2025-11-05 20:52:21,416 | [ERROR] | smart_agri_logger | cropslist | Line 74 | Error inserting crop: (psycopg2.errors.InvalidTextRepresentation) invalid input value for enum cropcategory: "vegetable"
LINE 1: ...7.0, 7.0, '2025-05-04'::date, '2025-04-05'::date, 'vegetable...
                                                             ^

[SQL: INSERT INTO crops_listings (crop_name, quantity_kg, price_per_kg, harvest_date, expiry_date, category, location, image_url, description, status) VALUES (%(crop_name)s, %(quantity_kg)s, %(price_per_kg)s, %(harvest_date)s, %(expiry_date)s, %(category)s, %(location)s, %(image_url)s, %(description)s, %(status)s) RETURNING crops_listings.id, crops_listings.created_at]
[parameters: {'crop_name': 'Tomatoes', 'quantity_kg': 47.0, 'price_per_kg': 7.0, 'harvest_date': datetime.date(2025, 5, 4), 'expiry_date': datetime.date(2025, 4, 5), 'category': 'vegetable', 'location': 'mumbai', 'image_url': 'string', 'description': 'this is tomo', 'status': 'Available'}]
(Background on this error at: https://sqlalche.me/e/20/9h9h)
2025-11-05 20:52:59,905 | [INFO] | smart_agri_logger | cropslist | Line 38 | Processing new crop listing request...
2025-11-05 20:52:59,906 | [INFO] | smart_agri_logger | cropslist | Line 41 | Uploading image to Cloudinary...
2025-11-05 20:52:59,915 | [ERROR] | smart_agri_logger | cropslist | Line 74 | Error inserting crop: (psycopg2.errors.InvalidTextRepresentation) invalid input value for enum cropcategory: "vegetable"
LINE 1: ...7.0, 7.0, '2025-05-04'::date, '2025-04-05'::date, 'vegetable...
                                                             ^

[SQL: INSERT INTO crops_listings (crop_name, quantity_kg, price_per_kg, harvest_date, expiry_date, category, location, image_url, description, status) VALUES (%(crop_name)s, %(quantity_kg)s, %(price_per_kg)s, %(harvest_date)s, %(expiry_date)s, %(category)s, %(location)s, %(image_url)s, %(description)s, %(status)s) RETURNING crops_listings.id, crops_listings.created_at]
[parameters: {'crop_name': 'Tomatoes', 'quantity_kg': 47.0, 'price_per_kg': 7.0, 'harvest_date': datetime.date(2025, 5, 4), 'expiry_date': datetime.date(2025, 4, 5), 'category': 'vegetable', 'location': 'mumbai', 'image_url': 'string', 'description': 'this is tomo', 'status': 'Available'}]
(Background on this error at: https://sqlalche.me/e/20/9h9h)
2025-11-05 20:53:43,028 | [ERROR] | smart_agri_logger | cropslist | Line 74 | Error inserting crop: time data '20215-45-8' does not match format '%Y-%m-%d'
2025-11-05 20:53:52,097 | [ERROR] | smart_agri_logger | cropslist | Line 74 | Error inserting crop: time data '2021-45-8' does not match format '%Y-%m-%d'
2025-11-05 20:54:02,133 | [INFO] | smart_agri_logger | cropslist | Line 38 | Processing new crop listing request...
2025-11-05 20:54:02,134 | [INFO] | smart_agri_logger | cropslist | Line 41 | Uploading image to Cloudinary...
2025-11-05 20:54:02,137 | [ERROR] | smart_agri_logger | cropslist | Line 74 | Error inserting crop: (psycopg2.errors.InvalidTextRepresentation) invalid input value for enum cropcategory: "vegetables"
LINE 1: ....0, 48.0, '2021-04-08'::date, '2021-05-05'::date, 'vegetable...
                                                             ^

[SQL: INSERT INTO crops_listings (crop_name, quantity_kg, price_per_kg, harvest_date, expiry_date, category, location, image_url, description, status) VALUES (%(crop_name)s, %(quantity_kg)s, %(price_per_kg)s, %(harvest_date)s, %(expiry_date)s, %(category)s, %(location)s, %(image_url)s, %(description)s, %(status)s) RETURNING crops_listings.id, crops_listings.created_at]
[parameters: {'crop_name': 'dwd', 'quantity_kg': 78.0, 'price_per_kg': 48.0, 'harvest_date': datetime.date(2021, 4, 8), 'expiry_date': datetime.date(2021, 5, 5), 'category': 'vegetables', 'location': 'string', 'image_url': 'string', 'description': 'fjddisdi', 'status': 'Available'}]
(Background on this error at: https://sqlalche.me/e/20/9h9h)
2025-11-05 20:54:26,881 | [INFO] | smart_agri_logger | cropslist | Line 38 | Processing new crop listing request...
2025-11-05 20:54:26,882 | [INFO] | smart_agri_logger | cropslist | Line 41 | Uploading image to Cloudinary...
2025-11-05 20:54:26,885 | [ERROR] | smart_agri_logger | cropslist | Line 74 | Error inserting crop: (psycopg2.errors.InvalidTextRepresentation) invalid input value for enum cropcategory: "vegetables"
LINE 1: ....0, 48.0, '2021-04-08'::date, '2021-05-05'::date, 'vegetable...
                                                             ^

[SQL: INSERT INTO crops_listings (crop_name, quantity_kg, price_per_kg, harvest_date, expiry_date, category, location, image_url, description, status) VALUES (%(crop_name)s, %(quantity_kg)s, %(price_per_kg)s, %(harvest_date)s, %(expiry_date)s, %(category)s, %(location)s, %(image_url)s, %(description)s, %(status)s) RETURNING crops_listings.id, crops_listings.created_at]
[parameters: {'crop_name': 'dwd', 'quantity_kg': 78.0, 'price_per_kg': 48.0, 'harvest_date': datetime.date(2021, 4, 8), 'expiry_date': datetime.date(2021, 5, 5), 'category': 'vegetables', 'location': 'string', 'image_url': 'string', 'description': 'fjddisdi', 'status': 'Available'}]
(Background on this error at: https://sqlalche.me/e/20/9h9h)
2025-11-05 20:54:45,508 | [INFO] | smart_agri_logger | cropslist | Line 38 | Processing new crop listing request...
2025-11-05 20:54:45,509 | [INFO] | smart_agri_logger | cropslist | Line 41 | Uploading image to Cloudinary...
2025-11-05 20:54:45,520 | [ERROR] | smart_agri_logger | cropslist | Line 74 | Error inserting crop: (psycopg2.errors.InvalidTextRepresentation) invalid input value for enum cropcategory: "vegetable"
LINE 1: ....0, 48.0, '2021-04-08'::date, '2021-05-05'::date, 'vegetable...
                                                             ^

[SQL: INSERT INTO crops_listings (crop_name, quantity_kg, price_per_kg, harvest_date, expiry_date, category, location, image_url, description, status) VALUES (%(crop_name)s, %(quantity_kg)s, %(price_per_kg)s, %(harvest_date)s, %(expiry_date)s, %(category)s, %(location)s, %(image_url)s, %(description)s, %(status)s) RETURNING crops_listings.id, crops_listings.created_at]
[parameters: {'crop_name': 'dwd', 'quantity_kg': 78.0, 'price_per_kg': 48.0, 'harvest_date': datetime.date(2021, 4, 8), 'expiry_date': datetime.date(2021, 5, 5), 'category': 'vegetable', 'location': 'string', 'image_url': 'string', 'description': 'fjddisdi', 'status': 'Available'}]
(Background on this error at: https://sqlalche.me/e/20/9h9h)
2025-11-05 20:55:12,738 | [INFO] | smart_agri_logger | cropslist | Line 38 | Processing new crop listing request...
2025-11-05 20:55:12,739 | [INFO] | smart_agri_logger | cropslist | Line 41 | Uploading image to Cloudinary...
2025-11-05 20:55:12,741 | [ERROR] | smart_agri_logger | cropslist | Line 74 | Error inserting crop: (psycopg2.errors.InvalidTextRepresentation) invalid input value for enum cropcategory: "vegetable"
LINE 1: ...0.0, 0.0, '2025-05-05'::date, '2021-05-05'::date, 'vegetable...
                                                             ^

[SQL: INSERT INTO crops_listings (crop_name, quantity_kg, price_per_kg, harvest_date, expiry_date, category, location, image_url, description, status) VALUES (%(crop_name)s, %(quantity_kg)s, %(price_per_kg)s, %(harvest_date)s, %(expiry_date)s, %(category)s, %(location)s, %(image_url)s, %(description)s, %(status)s) RETURNING crops_listings.id, crops_listings.created_at]
[parameters: {'crop_name': 'string', 'quantity_kg': 0.0, 'price_per_kg': 0.0, 'harvest_date': datetime.date(2025, 5, 5), 'expiry_date': datetime.date(2021, 5, 5), 'category': 'vegetable', 'location': 'sasas', 'image_url': 'string', 'description': 'string', 'status': 'Available'}]
(Background on this error at: https://sqlalche.me/e/20/9h9h)
2025-11-05 20:59:10,574 | [INFO] | smart_agri_logger | cropslist | Line 38 | Processing new crop listing request...
2025-11-05 20:59:10,575 | [INFO] | smart_agri_logger | cropslist | Line 41 | Uploading image to Cloudinary...
2025-11-05 20:59:10,631 | [INFO] | smart_agri_logger | cropslist | Line 69 | Crop 'string' added successfully with ID 15
