2026-01-31 09:08:35,276 | [INFO] | smart_agri_logger | get_all_crops | Line 211 | Fetched 24 crops (skip=0, limit=100)
2026-01-31 09:11:35,786 | [INFO] | smart_agri_logger | get_all_crops | Line 211 | Fetched 24 crops (skip=0, limit=100)
2026-01-31 09:15:33,987 | [INFO] | smart_agri_logger | get_all_crops | Line 211 | Fetched 24 crops (skip=0, limit=100)
2026-01-31 13:25:31,309 | [INFO] | smart_agri_logger | get_all_crops | Line 211 | Fetched 24 crops (skip=0, limit=100)
2026-01-31 13:27:33,465 | [INFO] | smart_agri_logger | get_all_crops | Line 211 | Fetched 24 crops (skip=0, limit=100)
2026-01-31 13:27:53,959 | [INFO] | smart_agri_logger | get_all_crops | Line 211 | Fetched 24 crops (skip=0, limit=100)
2026-01-31 13:27:59,812 | [INFO] | smart_agri_logger | get_all_crops | Line 211 | Fetched 24 crops (skip=0, limit=100)
2026-01-31 13:28:22,240 | [INFO] | smart_agri_logger | get_all_crops | Line 211 | Fetched 24 crops (skip=0, limit=100)
2026-01-31 13:28:38,148 | [INFO] | smart_agri_logger | get_all_crops | Line 211 | Fetched 24 crops (skip=0, limit=100)
2026-01-31 13:29:09,763 | [INFO] | smart_agri_logger | get_all_crops | Line 211 | Fetched 24 crops (skip=0, limit=100)
2026-01-31 13:29:14,007 | [INFO] | smart_agri_logger | get_all_crops | Line 211 | Fetched 24 crops (skip=0, limit=100)
2026-01-31 13:29:24,214 | [DEBUG] | smart_agri_logger | get_crops_by_category | Line 244 | Categories - FRUITS
2026-01-31 13:29:29,249 | [INFO] | smart_agri_logger | get_all_crops | Line 211 | Fetched 24 crops (skip=0, limit=100)
2026-01-31 13:30:42,115 | [INFO] | smart_agri_logger | get_all_crops | Line 211 | Fetched 24 crops (skip=0, limit=100)
2026-01-31 13:31:35,704 | [INFO] | smart_agri_logger | get_all_crops | Line 211 | Fetched 24 crops (skip=0, limit=100)
2026-01-31 13:34:49,359 | [INFO] | smart_agri_logger | get_all_crops | Line 211 | Fetched 24 crops (skip=0, limit=100)
2026-01-31 13:35:08,019 | [INFO] | smart_agri_logger | get_all_crops | Line 211 | Fetched 24 crops (skip=0, limit=100)
2026-01-31 13:35:32,333 | [INFO] | smart_agri_logger | get_all_crops | Line 211 | Fetched 24 crops (skip=0, limit=100)
2026-01-31 13:35:35,508 | [DEBUG] | smart_agri_logger | get_crops_by_category | Line 244 | Categories - VEGETABLES
2026-01-31 13:35:37,798 | [INFO] | smart_agri_logger | get_all_crops | Line 211 | Fetched 24 crops (skip=0, limit=100)
2026-01-31 13:37:16,741 | [INFO] | smart_agri_logger | get_all_crops | Line 211 | Fetched 24 crops (skip=0, limit=100)
2026-01-31 14:14:06,254 | [ERROR] | smart_agri_logger | get_crop_by_id | Line 306 | Error fetching crop bed0fbd0-6693-4e7a-9104-0a4e0cda21e2: Mapper 'Mapper[User(users)]' has no property 'crops'.  If this property was indicated from other mappers or configure events, ensure registry.configure() has been called.
2026-01-31 14:14:07,289 | [ERROR] | smart_agri_logger | get_crop_by_id | Line 306 | Error fetching crop bed0fbd0-6693-4e7a-9104-0a4e0cda21e2: One or more mappers failed to initialize - can't proceed with initialization of other mappers. Triggering mapper: 'Mapper[CropListing(crop_listings)]'. Original exception was: Mapper 'Mapper[User(users)]' has no property 'crops'.  If this property was indicated from other mappers or configure events, ensure registry.configure() has been called.
2026-01-31 14:14:09,322 | [ERROR] | smart_agri_logger | get_crop_by_id | Line 306 | Error fetching crop bed0fbd0-6693-4e7a-9104-0a4e0cda21e2: One or more mappers failed to initialize - can't proceed with initialization of other mappers. Triggering mapper: 'Mapper[CropListing(crop_listings)]'. Original exception was: Mapper 'Mapper[User(users)]' has no property 'crops'.  If this property was indicated from other mappers or configure events, ensure registry.configure() has been called.
2026-01-31 14:14:13,338 | [ERROR] | smart_agri_logger | get_crop_by_id | Line 306 | Error fetching crop bed0fbd0-6693-4e7a-9104-0a4e0cda21e2: One or more mappers failed to initialize - can't proceed with initialization of other mappers. Triggering mapper: 'Mapper[CropListing(crop_listings)]'. Original exception was: Mapper 'Mapper[User(users)]' has no property 'crops'.  If this property was indicated from other mappers or configure events, ensure registry.configure() has been called.
2026-01-31 14:14:17,143 | [ERROR] | smart_agri_logger | get_crop_by_id | Line 306 | Error fetching crop bed0fbd0-6693-4e7a-9104-0a4e0cda21e2: One or more mappers failed to initialize - can't proceed with initialization of other mappers. Triggering mapper: 'Mapper[CropListing(crop_listings)]'. Original exception was: Mapper 'Mapper[User(users)]' has no property 'crops'.  If this property was indicated from other mappers or configure events, ensure registry.configure() has been called.
2026-01-31 14:14:18,197 | [ERROR] | smart_agri_logger | get_crop_by_id | Line 306 | Error fetching crop bed0fbd0-6693-4e7a-9104-0a4e0cda21e2: One or more mappers failed to initialize - can't proceed with initialization of other mappers. Triggering mapper: 'Mapper[CropListing(crop_listings)]'. Original exception was: Mapper 'Mapper[User(users)]' has no property 'crops'.  If this property was indicated from other mappers or configure events, ensure registry.configure() has been called.
2026-01-31 14:14:20,219 | [ERROR] | smart_agri_logger | get_crop_by_id | Line 306 | Error fetching crop bed0fbd0-6693-4e7a-9104-0a4e0cda21e2: One or more mappers failed to initialize - can't proceed with initialization of other mappers. Triggering mapper: 'Mapper[CropListing(crop_listings)]'. Original exception was: Mapper 'Mapper[User(users)]' has no property 'crops'.  If this property was indicated from other mappers or configure events, ensure registry.configure() has been called.
2026-01-31 14:14:24,232 | [ERROR] | smart_agri_logger | get_crop_by_id | Line 306 | Error fetching crop bed0fbd0-6693-4e7a-9104-0a4e0cda21e2: One or more mappers failed to initialize - can't proceed with initialization of other mappers. Triggering mapper: 'Mapper[CropListing(crop_listings)]'. Original exception was: Mapper 'Mapper[User(users)]' has no property 'crops'.  If this property was indicated from other mappers or configure events, ensure registry.configure() has been called.
2026-01-31 14:15:00,040 | [ERROR] | smart_agri_logger | get_crop_by_id | Line 306 | Error fetching crop bed0fbd0-6693-4e7a-9104-0a4e0cda21e2: Mapper 'Mapper[User(users)]' has no property 'crops'.  If this property was indicated from other mappers or configure events, ensure registry.configure() has been called.
2026-01-31 14:15:01,345 | [ERROR] | smart_agri_logger | get_crop_by_id | Line 306 | Error fetching crop bed0fbd0-6693-4e7a-9104-0a4e0cda21e2: One or more mappers failed to initialize - can't proceed with initialization of other mappers. Triggering mapper: 'Mapper[CropListing(crop_listings)]'. Original exception was: Mapper 'Mapper[User(users)]' has no property 'crops'.  If this property was indicated from other mappers or configure events, ensure registry.configure() has been called.
2026-01-31 14:15:03,371 | [ERROR] | smart_agri_logger | get_crop_by_id | Line 306 | Error fetching crop bed0fbd0-6693-4e7a-9104-0a4e0cda21e2: One or more mappers failed to initialize - can't proceed with initialization of other mappers. Triggering mapper: 'Mapper[CropListing(crop_listings)]'. Original exception was: Mapper 'Mapper[User(users)]' has no property 'crops'.  If this property was indicated from other mappers or configure events, ensure registry.configure() has been called.
2026-01-31 14:15:10,471 | [ERROR] | smart_agri_logger | get_crop_by_id | Line 306 | Error fetching crop bed0fbd0-6693-4e7a-9104-0a4e0cda21e2: One or more mappers failed to initialize - can't proceed with initialization of other mappers. Triggering mapper: 'Mapper[CropListing(crop_listings)]'. Original exception was: Mapper 'Mapper[User(users)]' has no property 'crops'.  If this property was indicated from other mappers or configure events, ensure registry.configure() has been called.
2026-01-31 14:15:26,539 | [ERROR] | smart_agri_logger | get_crop_by_id | Line 306 | Error fetching crop bed0fbd0-6693-4e7a-9104-0a4e0cda21e2: Mapper 'Mapper[User(users)]' has no property 'crops'.  If this property was indicated from other mappers or configure events, ensure registry.configure() has been called.
2026-01-31 14:15:28,769 | [ERROR] | smart_agri_logger | get_crop_by_id | Line 306 | Error fetching crop bed0fbd0-6693-4e7a-9104-0a4e0cda21e2: One or more mappers failed to initialize - can't proceed with initialization of other mappers. Triggering mapper: 'Mapper[CropListing(crop_listings)]'. Original exception was: Mapper 'Mapper[User(users)]' has no property 'crops'.  If this property was indicated from other mappers or configure events, ensure registry.configure() has been called.
2026-01-31 14:15:31,763 | [ERROR] | smart_agri_logger | get_crop_by_id | Line 306 | Error fetching crop bed0fbd0-6693-4e7a-9104-0a4e0cda21e2: One or more mappers failed to initialize - can't proceed with initialization of other mappers. Triggering mapper: 'Mapper[CropListing(crop_listings)]'. Original exception was: Mapper 'Mapper[User(users)]' has no property 'crops'.  If this property was indicated from other mappers or configure events, ensure registry.configure() has been called.
2026-01-31 14:15:35,292 | [ERROR] | smart_agri_logger | get_all_crops | Line 235 | Error fetching crops: One or more mappers failed to initialize - can't proceed with initialization of other mappers. Triggering mapper: 'Mapper[CropListing(crop_listings)]'. Original exception was: Mapper 'Mapper[User(users)]' has no property 'crops'.  If this property was indicated from other mappers or configure events, ensure registry.configure() has been called.
2026-01-31 14:15:36,375 | [ERROR] | smart_agri_logger | get_all_crops | Line 235 | Error fetching crops: One or more mappers failed to initialize - can't proceed with initialization of other mappers. Triggering mapper: 'Mapper[CropListing(crop_listings)]'. Original exception was: Mapper 'Mapper[User(users)]' has no property 'crops'.  If this property was indicated from other mappers or configure events, ensure registry.configure() has been called.
2026-01-31 14:15:38,740 | [ERROR] | smart_agri_logger | get_all_crops | Line 235 | Error fetching crops: One or more mappers failed to initialize - can't proceed with initialization of other mappers. Triggering mapper: 'Mapper[CropListing(crop_listings)]'. Original exception was: Mapper 'Mapper[User(users)]' has no property 'crops'.  If this property was indicated from other mappers or configure events, ensure registry.configure() has been called.
2026-01-31 14:15:41,178 | [ERROR] | smart_agri_logger | get_all_crops | Line 235 | Error fetching crops: One or more mappers failed to initialize - can't proceed with initialization of other mappers. Triggering mapper: 'Mapper[CropListing(crop_listings)]'. Original exception was: Mapper 'Mapper[User(users)]' has no property 'crops'.  If this property was indicated from other mappers or configure events, ensure registry.configure() has been called.
2026-01-31 14:15:43,233 | [ERROR] | smart_agri_logger | get_all_crops | Line 235 | Error fetching crops: One or more mappers failed to initialize - can't proceed with initialization of other mappers. Triggering mapper: 'Mapper[CropListing(crop_listings)]'. Original exception was: Mapper 'Mapper[User(users)]' has no property 'crops'.  If this property was indicated from other mappers or configure events, ensure registry.configure() has been called.
2026-01-31 14:15:47,247 | [ERROR] | smart_agri_logger | get_all_crops | Line 235 | Error fetching crops: One or more mappers failed to initialize - can't proceed with initialization of other mappers. Triggering mapper: 'Mapper[CropListing(crop_listings)]'. Original exception was: Mapper 'Mapper[User(users)]' has no property 'crops'.  If this property was indicated from other mappers or configure events, ensure registry.configure() has been called.
2026-01-31 14:15:49,414 | [ERROR] | smart_agri_logger | get_all_crops | Line 235 | Error fetching crops: One or more mappers failed to initialize - can't proceed with initialization of other mappers. Triggering mapper: 'Mapper[CropListing(crop_listings)]'. Original exception was: Mapper 'Mapper[User(users)]' has no property 'crops'.  If this property was indicated from other mappers or configure events, ensure registry.configure() has been called.
2026-01-31 14:15:50,471 | [ERROR] | smart_agri_logger | get_all_crops | Line 235 | Error fetching crops: One or more mappers failed to initialize - can't proceed with initialization of other mappers. Triggering mapper: 'Mapper[CropListing(crop_listings)]'. Original exception was: Mapper 'Mapper[User(users)]' has no property 'crops'.  If this property was indicated from other mappers or configure events, ensure registry.configure() has been called.
2026-01-31 14:15:52,480 | [ERROR] | smart_agri_logger | get_all_crops | Line 235 | Error fetching crops: One or more mappers failed to initialize - can't proceed with initialization of other mappers. Triggering mapper: 'Mapper[CropListing(crop_listings)]'. Original exception was: Mapper 'Mapper[User(users)]' has no property 'crops'.  If this property was indicated from other mappers or configure events, ensure registry.configure() has been called.
2026-01-31 14:16:33,243 | [INFO] | smart_agri_logger | get_all_crops | Line 230 | Fetched 24 crops (skip=0, limit=100)
2026-01-31 14:16:56,856 | [INFO] | smart_agri_logger | get_all_crops | Line 230 | Fetched 24 crops (skip=0, limit=100)
2026-01-31 14:16:59,872 | [INFO] | smart_agri_logger | get_all_crops | Line 230 | Fetched 24 crops (skip=0, limit=100)
2026-01-31 14:17:12,954 | [INFO] | smart_agri_logger | get_all_crops | Line 230 | Fetched 24 crops (skip=0, limit=100)
2026-01-31 14:17:19,314 | [INFO] | smart_agri_logger | get_all_crops | Line 230 | Fetched 24 crops (skip=0, limit=100)
2026-01-31 14:18:33,760 | [INFO] | smart_agri_logger | get_all_crops | Line 230 | Fetched 24 crops (skip=0, limit=100)
2026-01-31 14:18:44,093 | [INFO] | smart_agri_logger | get_all_crops | Line 230 | Fetched 24 crops (skip=0, limit=100)
2026-01-31 14:18:49,157 | [INFO] | smart_agri_logger | get_all_crops | Line 230 | Fetched 24 crops (skip=0, limit=100)
2026-01-31 14:19:19,941 | [INFO] | smart_agri_logger | get_all_crops | Line 230 | Fetched 24 crops (skip=0, limit=100)
2026-01-31 14:19:21,775 | [INFO] | smart_agri_logger | get_all_crops | Line 230 | Fetched 24 crops (skip=0, limit=100)
2026-01-31 14:19:25,429 | [INFO] | smart_agri_logger | get_all_crops | Line 230 | Fetched 24 crops (skip=0, limit=100)
2026-01-31 14:19:27,850 | [INFO] | smart_agri_logger | get_all_crops | Line 230 | Fetched 24 crops (skip=0, limit=100)
2026-01-31 14:25:25,199 | [ERROR] | smart_agri_logger | get_all_crops | Line 235 | Error fetching crops: (psycopg2.errors.UndefinedColumn) column crop_listings.farmer_id does not exist
LINE 1: ..._listings.updated_at AS crop_listings_updated_at, crop_listi...
                                                             ^

[SQL: SELECT crop_listings.id AS crop_listings_id, crop_listings.crop_name AS crop_listings_crop_name, crop_listings.description AS crop_listings_description, crop_listings.quantity_kg AS crop_listings_quantity_kg, crop_listings.price_per_kg AS crop_listings_price_per_kg, crop_listings.discount_percent AS crop_listings_discount_percent, crop_listings.harvest_date AS crop_listings_harvest_date, crop_listings.expiry_date AS crop_listings_expiry_date, crop_listings.category AS crop_listings_category, crop_listings.status AS crop_listings_status, crop_listings.location AS crop_listings_location, crop_listings.image_url AS crop_listings_image_url, crop_listings.views_count AS crop_listings_views_count, crop_listings.favorites_count AS crop_listings_favorites_count, crop_listings.created_at AS crop_listings_created_at, crop_listings.updated_at AS crop_listings_updated_at, crop_listings.farmer_id AS crop_listings_farmer_id 
FROM crop_listings ORDER BY crop_listings.created_at DESC 
 LIMIT %(param_1)s OFFSET %(param_2)s]
[parameters: {'param_1': 100, 'param_2': 0}]
(Background on this error at: https://sqlalche.me/e/20/f405)
2026-01-31 14:39:24,756 | [INFO] | smart_agri_logger | create_crop_listing | Line 75 | Processing new crop listing: Fresh Wheat
2026-01-31 14:39:45,777 | [INFO] | smart_agri_logger | create_crop_listing | Line 75 | Processing new crop listing: Fresh Wheat
2026-01-31 14:40:13,724 | [INFO] | smart_agri_logger | create_crop_listing | Line 75 | Processing new crop listing: Fresh Wheat
2026-01-31 14:40:31,955 | [INFO] | smart_agri_logger | create_crop_listing | Line 75 | Processing new crop listing: Fresh Wheat
2026-01-31 14:41:25,200 | [INFO] | smart_agri_logger | create_crop_listing | Line 75 | Processing new crop listing: Fresh Wheat
2026-01-31 14:41:47,418 | [INFO] | smart_agri_logger | create_crop_listing | Line 75 | Processing new crop listing: Fresh Wheat
2026-01-31 14:42:36,705 | [INFO] | smart_agri_logger | create_crop_listing | Line 75 | Processing new crop listing: Fresh Wheat
2026-01-31 14:46:37,427 | [INFO] | smart_agri_logger | create_crop_listing | Line 75 | Processing new crop listing: Fresh Wheat
2026-01-31 14:46:41,431 | [INFO] | smart_agri_logger | create_crop_listing | Line 75 | Processing new crop listing: Fresh Wheat
2026-01-31 14:47:00,196 | [INFO] | smart_agri_logger | create_crop_listing | Line 75 | Processing new crop listing: Fresh Wheat
2026-01-31 14:48:18,577 | [INFO] | smart_agri_logger | create_crop_listing | Line 75 | Processing new crop listing: Fresh Wheat
2026-01-31 14:48:18,590 | [INFO] | smart_agri_logger | create_crop_listing | Line 108 | Uploading image to Cloudinary...
2026-01-31 14:48:18,606 | [ERROR] | smart_agri_logger | create_crop_listing | Line 140 | Error creating crop listing: 'User' object is not subscriptable
2026-01-31 14:48:32,326 | [INFO] | smart_agri_logger | create_crop_listing | Line 75 | Processing new crop listing: Fresh Wheat
2026-01-31 14:48:32,331 | [INFO] | smart_agri_logger | create_crop_listing | Line 108 | Uploading image to Cloudinary...
2026-01-31 14:48:32,332 | [ERROR] | smart_agri_logger | create_crop_listing | Line 140 | Error creating crop listing: 'User' object is not subscriptable
2026-01-31 14:49:45,235 | [INFO] | smart_agri_logger | create_crop_listing | Line 75 | Processing new crop listing: Fresh Wheat
2026-01-31 14:49:45,254 | [INFO] | smart_agri_logger | create_crop_listing | Line 108 | Uploading image to Cloudinary...
2026-01-31 14:49:45,292 | [ERROR] | smart_agri_logger | create_crop_listing | Line 140 | Error creating crop listing: (psycopg2.errors.UndefinedColumn) column "farmer_id" of relation "crop_listings" does not exist
LINE 1: ...ocation, image_url, views_count, favorites_count, farmer_id)...
                                                             ^

[SQL: INSERT INTO crop_listings (id, crop_name, description, quantity_kg, price_per_kg, discount_percent, harvest_date, expiry_date, category, status, location, image_url, views_count, favorites_count, farmer_id) VALUES (%(id)s::UUID, %(crop_name)s, %(description)s, %(quantity_kg)s, %(price_per_kg)s, %(discount_percent)s, %(harvest_date)s, %(expiry_date)s, %(category)s, %(status)s, %(location)s, %(image_url)s, %(views_count)s, %(favorites_count)s, %(farmer_id)s::UUID) RETURNING crop_listings.created_at, crop_listings.updated_at]
[parameters: {'id': UUID('b9cf2c12-8790-4fea-bdac-08aef6888ce3'), 'crop_name': 'Fresh Wheat', 'description': 'dsd', 'quantity_kg': 45.0, 'price_per_kg': 45.0, 'discount_percent': 0.0, 'harvest_date': datetime.date(5441, 4, 5), 'expiry_date': None, 'category': 'Vegetables', 'status': 'SOLD', 'location': 'Bangalore', 'image_url': '/uploads/90fccf9f-bb5b-4d27-8323-e5a364fd1779.jpg', 'views_count': 0, 'favorites_count': 0, 'farmer_id': UUID('7d577d72-4704-48d1-a0f2-763c02f04533')}]
(Background on this error at: https://sqlalche.me/e/20/f405)
2026-01-31 14:49:45,295 | [INFO] | smart_agri_logger | create_crop_listing | Line 75 | Processing new crop listing: Fresh Wheat
2026-01-31 14:49:45,301 | [INFO] | smart_agri_logger | create_crop_listing | Line 108 | Uploading image to Cloudinary...
2026-01-31 14:49:45,306 | [ERROR] | smart_agri_logger | create_crop_listing | Line 140 | Error creating crop listing: (psycopg2.errors.UndefinedColumn) column "farmer_id" of relation "crop_listings" does not exist
LINE 1: ...ocation, image_url, views_count, favorites_count, farmer_id)...
                                                             ^

[SQL: INSERT INTO crop_listings (id, crop_name, description, quantity_kg, price_per_kg, discount_percent, harvest_date, expiry_date, category, status, location, image_url, views_count, favorites_count, farmer_id) VALUES (%(id)s::UUID, %(crop_name)s, %(description)s, %(quantity_kg)s, %(price_per_kg)s, %(discount_percent)s, %(harvest_date)s, %(expiry_date)s, %(category)s, %(status)s, %(location)s, %(image_url)s, %(views_count)s, %(favorites_count)s, %(farmer_id)s::UUID) RETURNING crop_listings.created_at, crop_listings.updated_at]
[parameters: {'id': UUID('27b02180-9b41-4d26-a2aa-992d74a76b4e'), 'crop_name': 'Fresh Wheat', 'description': 'dsd', 'quantity_kg': 45.0, 'price_per_kg': 45.0, 'discount_percent': 0.0, 'harvest_date': datetime.date(5441, 4, 5), 'expiry_date': None, 'category': 'Vegetables', 'status': 'SOLD', 'location': 'Bangalore', 'image_url': '/uploads/7ab012e9-455f-4f57-9165-abd1f181cd87.jpg', 'views_count': 0, 'favorites_count': 0, 'farmer_id': UUID('7d577d72-4704-48d1-a0f2-763c02f04533')}]
(Background on this error at: https://sqlalche.me/e/20/f405)
2026-01-31 14:49:45,309 | [INFO] | smart_agri_logger | create_crop_listing | Line 75 | Processing new crop listing: Fresh Wheat
2026-01-31 14:49:45,316 | [INFO] | smart_agri_logger | create_crop_listing | Line 108 | Uploading image to Cloudinary...
2026-01-31 14:49:45,322 | [ERROR] | smart_agri_logger | create_crop_listing | Line 140 | Error creating crop listing: (psycopg2.errors.UndefinedColumn) column "farmer_id" of relation "crop_listings" does not exist
LINE 1: ...ocation, image_url, views_count, favorites_count, farmer_id)...
                                                             ^

[SQL: INSERT INTO crop_listings (id, crop_name, description, quantity_kg, price_per_kg, discount_percent, harvest_date, expiry_date, category, status, location, image_url, views_count, favorites_count, farmer_id) VALUES (%(id)s::UUID, %(crop_name)s, %(description)s, %(quantity_kg)s, %(price_per_kg)s, %(discount_percent)s, %(harvest_date)s, %(expiry_date)s, %(category)s, %(status)s, %(location)s, %(image_url)s, %(views_count)s, %(favorites_count)s, %(farmer_id)s::UUID) RETURNING crop_listings.created_at, crop_listings.updated_at]
[parameters: {'id': UUID('7bc74241-4b80-4a81-8b03-42aff6d151fb'), 'crop_name': 'Fresh Wheat', 'description': 'dsd', 'quantity_kg': 45.0, 'price_per_kg': 45.0, 'discount_percent': 0.0, 'harvest_date': datetime.date(5441, 4, 5), 'expiry_date': None, 'category': 'Vegetables', 'status': 'SOLD', 'location': 'Bangalore', 'image_url': '/uploads/488119a7-a691-45ad-b3e0-6ba3fa15d570.jpg', 'views_count': 0, 'favorites_count': 0, 'farmer_id': UUID('7d577d72-4704-48d1-a0f2-763c02f04533')}]
(Background on this error at: https://sqlalche.me/e/20/f405)
2026-01-31 14:49:54,341 | [INFO] | smart_agri_logger | create_crop_listing | Line 75 | Processing new crop listing: Fresh Wheat
2026-01-31 14:49:54,346 | [INFO] | smart_agri_logger | create_crop_listing | Line 108 | Uploading image to Cloudinary...
2026-01-31 14:49:54,351 | [ERROR] | smart_agri_logger | create_crop_listing | Line 140 | Error creating crop listing: (psycopg2.errors.UndefinedColumn) column "farmer_id" of relation "crop_listings" does not exist
LINE 1: ...ocation, image_url, views_count, favorites_count, farmer_id)...
                                                             ^

[SQL: INSERT INTO crop_listings (id, crop_name, description, quantity_kg, price_per_kg, discount_percent, harvest_date, expiry_date, category, status, location, image_url, views_count, favorites_count, farmer_id) VALUES (%(id)s::UUID, %(crop_name)s, %(description)s, %(quantity_kg)s, %(price_per_kg)s, %(discount_percent)s, %(harvest_date)s, %(expiry_date)s, %(category)s, %(status)s, %(location)s, %(image_url)s, %(views_count)s, %(favorites_count)s, %(farmer_id)s::UUID) RETURNING crop_listings.created_at, crop_listings.updated_at]
[parameters: {'id': UUID('2af4a9b6-36d5-4b77-9e92-eef46be1d0c9'), 'crop_name': 'Fresh Wheat', 'description': 'dsd', 'quantity_kg': 45.0, 'price_per_kg': 45.0, 'discount_percent': 0.0, 'harvest_date': datetime.date(5441, 4, 5), 'expiry_date': None, 'category': 'Vegetables', 'status': 'SOLD', 'location': 'Bangalore', 'image_url': '/uploads/6ef29688-772e-48fa-8772-ad96bcc31cf0.jpg', 'views_count': 0, 'favorites_count': 0, 'farmer_id': UUID('7d577d72-4704-48d1-a0f2-763c02f04533')}]
(Background on this error at: https://sqlalche.me/e/20/f405)
2026-01-31 14:50:46,990 | [INFO] | smart_agri_logger | create_crop_listing | Line 75 | Processing new crop listing: Fresh Wheat
2026-01-31 14:50:46,995 | [INFO] | smart_agri_logger | create_crop_listing | Line 108 | Uploading image to Cloudinary...
2026-01-31 14:50:46,998 | [ERROR] | smart_agri_logger | create_crop_listing | Line 140 | Error creating crop listing: (psycopg2.errors.UndefinedColumn) column "farmer_id" of relation "crop_listings" does not exist
LINE 1: ...ocation, image_url, views_count, favorites_count, farmer_id)...
                                                             ^

[SQL: INSERT INTO crop_listings (id, crop_name, description, quantity_kg, price_per_kg, discount_percent, harvest_date, expiry_date, category, status, location, image_url, views_count, favorites_count, farmer_id) VALUES (%(id)s::UUID, %(crop_name)s, %(description)s, %(quantity_kg)s, %(price_per_kg)s, %(discount_percent)s, %(harvest_date)s, %(expiry_date)s, %(category)s, %(status)s, %(location)s, %(image_url)s, %(views_count)s, %(favorites_count)s, %(farmer_id)s::UUID) RETURNING crop_listings.created_at, crop_listings.updated_at]
[parameters: {'id': UUID('0b3cd0bb-0c90-46e8-b818-874020b0ee77'), 'crop_name': 'Fresh Wheat', 'description': 'dsd', 'quantity_kg': 45.0, 'price_per_kg': 45.0, 'discount_percent': 0.0, 'harvest_date': datetime.date(5441, 4, 5), 'expiry_date': None, 'category': 'Vegetables', 'status': 'SOLD', 'location': 'Bangalore', 'image_url': '/uploads/4b3a5f6e-83d8-42dc-9867-1b974a2017ef.jpg', 'views_count': 0, 'favorites_count': 0, 'farmer_id': UUID('7d577d72-4704-48d1-a0f2-763c02f04533')}]
(Background on this error at: https://sqlalche.me/e/20/f405)
2026-01-31 14:53:15,718 | [INFO] | smart_agri_logger | create_crop_listing | Line 75 | Processing new crop listing: Fresh Wheat
2026-01-31 14:53:15,747 | [INFO] | smart_agri_logger | create_crop_listing | Line 108 | Uploading image to Cloudinary...
2026-01-31 14:53:15,763 | [ERROR] | smart_agri_logger | create_crop_listing | Line 140 | Error creating crop listing: (psycopg2.errors.UndefinedColumn) column "farmer_id" of relation "crop_listings" does not exist
LINE 1: ...ocation, image_url, views_count, favorites_count, farmer_id)...
                                                             ^

[SQL: INSERT INTO crop_listings (id, crop_name, description, quantity_kg, price_per_kg, discount_percent, harvest_date, expiry_date, category, status, location, image_url, views_count, favorites_count, farmer_id) VALUES (%(id)s::UUID, %(crop_name)s, %(description)s, %(quantity_kg)s, %(price_per_kg)s, %(discount_percent)s, %(harvest_date)s, %(expiry_date)s, %(category)s, %(status)s, %(location)s, %(image_url)s, %(views_count)s, %(favorites_count)s, %(farmer_id)s::UUID) RETURNING crop_listings.created_at, crop_listings.updated_at]
[parameters: {'id': UUID('8792755e-48f7-4fe4-9321-caae06603165'), 'crop_name': 'Fresh Wheat', 'description': 'dsd', 'quantity_kg': 45.0, 'price_per_kg': 45.0, 'discount_percent': 0.0, 'harvest_date': datetime.date(5441, 4, 5), 'expiry_date': None, 'category': 'Vegetables', 'status': 'SOLD', 'location': 'Bangalore', 'image_url': '/uploads/46255c45-f31e-4d0c-aa68-557e5bb34455.jpg', 'views_count': 0, 'favorites_count': 0, 'farmer_id': UUID('7d577d72-4704-48d1-a0f2-763c02f04533')}]
(Background on this error at: https://sqlalche.me/e/20/f405)
2026-01-31 14:53:19,117 | [INFO] | smart_agri_logger | create_crop_listing | Line 75 | Processing new crop listing: Fresh Wheat
2026-01-31 14:53:19,123 | [INFO] | smart_agri_logger | create_crop_listing | Line 108 | Uploading image to Cloudinary...
2026-01-31 14:53:19,127 | [ERROR] | smart_agri_logger | create_crop_listing | Line 140 | Error creating crop listing: (psycopg2.errors.UndefinedColumn) column "farmer_id" of relation "crop_listings" does not exist
LINE 1: ...ocation, image_url, views_count, favorites_count, farmer_id)...
                                                             ^

[SQL: INSERT INTO crop_listings (id, crop_name, description, quantity_kg, price_per_kg, discount_percent, harvest_date, expiry_date, category, status, location, image_url, views_count, favorites_count, farmer_id) VALUES (%(id)s::UUID, %(crop_name)s, %(description)s, %(quantity_kg)s, %(price_per_kg)s, %(discount_percent)s, %(harvest_date)s, %(expiry_date)s, %(category)s, %(status)s, %(location)s, %(image_url)s, %(views_count)s, %(favorites_count)s, %(farmer_id)s::UUID) RETURNING crop_listings.created_at, crop_listings.updated_at]
[parameters: {'id': UUID('60951054-ad5c-4a54-8719-9224d65b3b1c'), 'crop_name': 'Fresh Wheat', 'description': 'dsd', 'quantity_kg': 45.0, 'price_per_kg': 45.0, 'discount_percent': 0.0, 'harvest_date': datetime.date(5441, 4, 5), 'expiry_date': None, 'category': 'Vegetables', 'status': 'SOLD', 'location': 'Bangalore', 'image_url': '/uploads/d1c6243a-1250-49c8-b082-70f9afee7eb8.jpg', 'views_count': 0, 'favorites_count': 0, 'farmer_id': UUID('7d577d72-4704-48d1-a0f2-763c02f04533')}]
(Background on this error at: https://sqlalche.me/e/20/f405)
2026-01-31 14:54:44,606 | [INFO] | smart_agri_logger | create_crop_listing | Line 75 | Processing new crop listing: Fresh Wheat
2026-01-31 14:54:44,632 | [INFO] | smart_agri_logger | create_crop_listing | Line 108 | Uploading image to Cloudinary...
2026-01-31 14:54:44,654 | [ERROR] | smart_agri_logger | create_crop_listing | Line 140 | Error creating crop listing: (psycopg2.errors.UndefinedColumn) column "farmer_id" of relation "crop_listings" does not exist
LINE 1: ...ocation, image_url, views_count, favorites_count, farmer_id)...
                                                             ^

[SQL: INSERT INTO crop_listings (id, crop_name, description, quantity_kg, price_per_kg, discount_percent, harvest_date, expiry_date, category, status, location, image_url, views_count, favorites_count, farmer_id) VALUES (%(id)s::UUID, %(crop_name)s, %(description)s, %(quantity_kg)s, %(price_per_kg)s, %(discount_percent)s, %(harvest_date)s, %(expiry_date)s, %(category)s, %(status)s, %(location)s, %(image_url)s, %(views_count)s, %(favorites_count)s, %(farmer_id)s::UUID) RETURNING crop_listings.created_at, crop_listings.updated_at]
[parameters: {'id': UUID('221adaec-4adb-4edc-8ccd-29a2e98a91aa'), 'crop_name': 'Fresh Wheat', 'description': 'dsd', 'quantity_kg': 45.0, 'price_per_kg': 45.0, 'discount_percent': 0.0, 'harvest_date': datetime.date(5441, 4, 5), 'expiry_date': None, 'category': 'Vegetables', 'status': 'SOLD', 'location': 'Bangalore', 'image_url': '/uploads/81eb8ecb-9c93-45d2-9633-abb6d373f811.jpg', 'views_count': 0, 'favorites_count': 0, 'farmer_id': UUID('7d577d72-4704-48d1-a0f2-763c02f04533')}]
(Background on this error at: https://sqlalche.me/e/20/f405)
2026-01-31 14:54:44,680 | [INFO] | smart_agri_logger | create_crop_listing | Line 75 | Processing new crop listing: Fresh Wheat
2026-01-31 14:54:44,686 | [INFO] | smart_agri_logger | create_crop_listing | Line 108 | Uploading image to Cloudinary...
2026-01-31 14:54:44,690 | [ERROR] | smart_agri_logger | create_crop_listing | Line 140 | Error creating crop listing: (psycopg2.errors.UndefinedColumn) column "farmer_id" of relation "crop_listings" does not exist
LINE 1: ...ocation, image_url, views_count, favorites_count, farmer_id)...
                                                             ^

[SQL: INSERT INTO crop_listings (id, crop_name, description, quantity_kg, price_per_kg, discount_percent, harvest_date, expiry_date, category, status, location, image_url, views_count, favorites_count, farmer_id) VALUES (%(id)s::UUID, %(crop_name)s, %(description)s, %(quantity_kg)s, %(price_per_kg)s, %(discount_percent)s, %(harvest_date)s, %(expiry_date)s, %(category)s, %(status)s, %(location)s, %(image_url)s, %(views_count)s, %(favorites_count)s, %(farmer_id)s::UUID) RETURNING crop_listings.created_at, crop_listings.updated_at]
[parameters: {'id': UUID('6d1dec89-a04e-4872-a627-02f8e057b3aa'), 'crop_name': 'Fresh Wheat', 'description': 'dsd', 'quantity_kg': 45.0, 'price_per_kg': 45.0, 'discount_percent': 0.0, 'harvest_date': datetime.date(5441, 4, 5), 'expiry_date': None, 'category': 'Vegetables', 'status': 'SOLD', 'location': 'Bangalore', 'image_url': '/uploads/043e88f5-abed-47db-8d4a-355672a7e364.jpg', 'views_count': 0, 'favorites_count': 0, 'farmer_id': UUID('7d577d72-4704-48d1-a0f2-763c02f04533')}]
(Background on this error at: https://sqlalche.me/e/20/f405)
2026-01-31 14:54:54,385 | [INFO] | smart_agri_logger | create_crop_listing | Line 75 | Processing new crop listing: Fresh Wheat
2026-01-31 14:54:54,395 | [INFO] | smart_agri_logger | create_crop_listing | Line 108 | Uploading image to Cloudinary...
2026-01-31 14:54:54,399 | [ERROR] | smart_agri_logger | create_crop_listing | Line 140 | Error creating crop listing: (psycopg2.errors.UndefinedColumn) column "farmer_id" of relation "crop_listings" does not exist
LINE 1: ...ocation, image_url, views_count, favorites_count, farmer_id)...
                                                             ^

[SQL: INSERT INTO crop_listings (id, crop_name, description, quantity_kg, price_per_kg, discount_percent, harvest_date, expiry_date, category, status, location, image_url, views_count, favorites_count, farmer_id) VALUES (%(id)s::UUID, %(crop_name)s, %(description)s, %(quantity_kg)s, %(price_per_kg)s, %(discount_percent)s, %(harvest_date)s, %(expiry_date)s, %(category)s, %(status)s, %(location)s, %(image_url)s, %(views_count)s, %(favorites_count)s, %(farmer_id)s::UUID) RETURNING crop_listings.created_at, crop_listings.updated_at]
[parameters: {'id': UUID('a24ca42b-e3b9-4ccf-a3e5-f4df35098547'), 'crop_name': 'Fresh Wheat', 'description': 'dsd', 'quantity_kg': 45.0, 'price_per_kg': 45.0, 'discount_percent': 0.0, 'harvest_date': datetime.date(5441, 4, 5), 'expiry_date': None, 'category': 'Vegetables', 'status': 'SOLD', 'location': 'Bangalore', 'image_url': '/uploads/d3a17803-7772-44b6-8da2-aa559830af34.jpg', 'views_count': 0, 'favorites_count': 0, 'farmer_id': UUID('7d577d72-4704-48d1-a0f2-763c02f04533')}]
(Background on this error at: https://sqlalche.me/e/20/f405)
2026-01-31 14:56:04,018 | [ERROR] | smart_agri_logger | get_all_crops | Line 237 | Error fetching crops: (psycopg2.errors.UndefinedColumn) column crop_listings.farmer_id does not exist
LINE 1: ..._listings.updated_at AS crop_listings_updated_at, crop_listi...
                                                             ^

[SQL: SELECT crop_listings.id AS crop_listings_id, crop_listings.crop_name AS crop_listings_crop_name, crop_listings.description AS crop_listings_description, crop_listings.quantity_kg AS crop_listings_quantity_kg, crop_listings.price_per_kg AS crop_listings_price_per_kg, crop_listings.discount_percent AS crop_listings_discount_percent, crop_listings.harvest_date AS crop_listings_harvest_date, crop_listings.expiry_date AS crop_listings_expiry_date, crop_listings.category AS crop_listings_category, crop_listings.status AS crop_listings_status, crop_listings.location AS crop_listings_location, crop_listings.image_url AS crop_listings_image_url, crop_listings.views_count AS crop_listings_views_count, crop_listings.favorites_count AS crop_listings_favorites_count, crop_listings.created_at AS crop_listings_created_at, crop_listings.updated_at AS crop_listings_updated_at, crop_listings.farmer_id AS crop_listings_farmer_id 
FROM crop_listings ORDER BY crop_listings.created_at DESC 
 LIMIT %(param_1)s OFFSET %(param_2)s]
[parameters: {'param_1': 100, 'param_2': 0}]
(Background on this error at: https://sqlalche.me/e/20/f405)
2026-01-31 14:57:33,806 | [INFO] | smart_agri_logger | create_crop_listing | Line 75 | Processing new crop listing: Fresh Wheat
2026-01-31 14:57:33,848 | [INFO] | smart_agri_logger | create_crop_listing | Line 108 | Uploading image to Cloudinary...
2026-01-31 14:57:33,865 | [ERROR] | smart_agri_logger | create_crop_listing | Line 140 | Error creating crop listing: (psycopg2.errors.UndefinedColumn) column "farmer_id" of relation "crop_listings" does not exist
LINE 1: ...ocation, image_url, views_count, favorites_count, farmer_id)...
                                                             ^

[SQL: INSERT INTO crop_listings (id, crop_name, description, quantity_kg, price_per_kg, discount_percent, harvest_date, expiry_date, category, status, location, image_url, views_count, favorites_count, farmer_id) VALUES (%(id)s::UUID, %(crop_name)s, %(description)s, %(quantity_kg)s, %(price_per_kg)s, %(discount_percent)s, %(harvest_date)s, %(expiry_date)s, %(category)s, %(status)s, %(location)s, %(image_url)s, %(views_count)s, %(favorites_count)s, %(farmer_id)s::UUID) RETURNING crop_listings.created_at, crop_listings.updated_at]
[parameters: {'id': UUID('382073fd-6ed9-488c-995c-202bfb356543'), 'crop_name': 'Fresh Wheat', 'description': 'dsd', 'quantity_kg': 45.0, 'price_per_kg': 45.0, 'discount_percent': 0.0, 'harvest_date': datetime.date(5441, 4, 5), 'expiry_date': None, 'category': 'Vegetables', 'status': 'SOLD', 'location': 'Bangalore', 'image_url': '/uploads/82c97451-0155-404f-a207-aa58f53d01ad.jpg', 'views_count': 0, 'favorites_count': 0, 'farmer_id': UUID('7d577d72-4704-48d1-a0f2-763c02f04533')}]
(Background on this error at: https://sqlalche.me/e/20/f405)
2026-01-31 15:00:18,182 | [INFO] | smart_agri_logger | create_crop_listing | Line 75 | Processing new crop listing: Fresh Wheat
2026-01-31 15:00:18,189 | [INFO] | smart_agri_logger | create_crop_listing | Line 108 | Uploading image to Cloudinary...
2026-01-31 15:00:18,205 | [ERROR] | smart_agri_logger | create_crop_listing | Line 140 | Error creating crop listing: (psycopg2.errors.InvalidTextRepresentation) invalid input value for enum cropcategory: "Vegetables"
LINE 1: ...'dsd', 45.0, 45.0, 0.0, '5441-04-05'::date, NULL, 'Vegetable...
                                                             ^

[SQL: INSERT INTO crop_listings (id, crop_name, description, quantity_kg, price_per_kg, discount_percent, harvest_date, expiry_date, category, status, location, image_url, views_count, favorites_count, farmer_id) VALUES (%(id)s::UUID, %(crop_name)s, %(description)s, %(quantity_kg)s, %(price_per_kg)s, %(discount_percent)s, %(harvest_date)s, %(expiry_date)s, %(category)s, %(status)s, %(location)s, %(image_url)s, %(views_count)s, %(favorites_count)s, %(farmer_id)s::UUID) RETURNING crop_listings.created_at, crop_listings.updated_at]
[parameters: {'id': UUID('529d23c6-b35b-4812-8d0e-e8ebb9518e29'), 'crop_name': 'Fresh Wheat', 'description': 'dsd', 'quantity_kg': 45.0, 'price_per_kg': 45.0, 'discount_percent': 0.0, 'harvest_date': datetime.date(5441, 4, 5), 'expiry_date': None, 'category': 'Vegetables', 'status': 'SOLD', 'location': 'Bangalore', 'image_url': '/uploads/d04edd31-7d8c-449e-ba40-88e02a54d1ce.jpg', 'views_count': 0, 'favorites_count': 0, 'farmer_id': UUID('7d577d72-4704-48d1-a0f2-763c02f04533')}]
(Background on this error at: https://sqlalche.me/e/20/9h9h)
2026-01-31 15:00:21,212 | [INFO] | smart_agri_logger | create_crop_listing | Line 75 | Processing new crop listing: Fresh Wheat
2026-01-31 15:00:21,218 | [INFO] | smart_agri_logger | create_crop_listing | Line 108 | Uploading image to Cloudinary...
2026-01-31 15:00:21,222 | [ERROR] | smart_agri_logger | create_crop_listing | Line 140 | Error creating crop listing: (psycopg2.errors.InvalidTextRepresentation) invalid input value for enum cropcategory: "Vegetables"
LINE 1: ...'dsd', 45.0, 45.0, 0.0, '5441-04-05'::date, NULL, 'Vegetable...
                                                             ^

[SQL: INSERT INTO crop_listings (id, crop_name, description, quantity_kg, price_per_kg, discount_percent, harvest_date, expiry_date, category, status, location, image_url, views_count, favorites_count, farmer_id) VALUES (%(id)s::UUID, %(crop_name)s, %(description)s, %(quantity_kg)s, %(price_per_kg)s, %(discount_percent)s, %(harvest_date)s, %(expiry_date)s, %(category)s, %(status)s, %(location)s, %(image_url)s, %(views_count)s, %(favorites_count)s, %(farmer_id)s::UUID) RETURNING crop_listings.created_at, crop_listings.updated_at]
[parameters: {'id': UUID('10cd937c-5769-4841-bd45-187f214acb39'), 'crop_name': 'Fresh Wheat', 'description': 'dsd', 'quantity_kg': 45.0, 'price_per_kg': 45.0, 'discount_percent': 0.0, 'harvest_date': datetime.date(5441, 4, 5), 'expiry_date': None, 'category': 'Vegetables', 'status': 'SOLD', 'location': 'Bangalore', 'image_url': '/uploads/d3f1abc8-eb78-4da3-96a2-3e1d29e07fec.jpg', 'views_count': 0, 'favorites_count': 0, 'farmer_id': UUID('7d577d72-4704-48d1-a0f2-763c02f04533')}]
(Background on this error at: https://sqlalche.me/e/20/9h9h)
2026-01-31 15:01:55,392 | [INFO] | smart_agri_logger | create_crop_listing | Line 75 | Processing new crop listing: Brinjal
2026-01-31 15:02:00,495 | [INFO] | smart_agri_logger | create_crop_listing | Line 75 | Processing new crop listing: Brinjal
2026-01-31 15:02:00,500 | [INFO] | smart_agri_logger | create_crop_listing | Line 108 | Uploading image to Cloudinary...
2026-01-31 15:02:00,508 | [ERROR] | smart_agri_logger | create_crop_listing | Line 140 | Error creating crop listing: (psycopg2.errors.InvalidTextRepresentation) invalid input value for enum cropcategory: "Vegetables"
LINE 1: ...4.0, 0.0, '2025-05-04'::date, '2026-05-04'::date, 'Vegetable...
                                                             ^

[SQL: INSERT INTO crop_listings (id, crop_name, description, quantity_kg, price_per_kg, discount_percent, harvest_date, expiry_date, category, status, location, image_url, views_count, favorites_count, farmer_id) VALUES (%(id)s::UUID, %(crop_name)s, %(description)s, %(quantity_kg)s, %(price_per_kg)s, %(discount_percent)s, %(harvest_date)s, %(expiry_date)s, %(category)s, %(status)s, %(location)s, %(image_url)s, %(views_count)s, %(favorites_count)s, %(farmer_id)s::UUID) RETURNING crop_listings.created_at, crop_listings.updated_at]
[parameters: {'id': UUID('d0ba408b-0391-4e8d-930a-79f5841b5a5f'), 'crop_name': 'Brinjal', 'description': 'dsds', 'quantity_kg': 45.0, 'price_per_kg': 54.0, 'discount_percent': 0.0, 'harvest_date': datetime.date(2025, 5, 4), 'expiry_date': datetime.date(2026, 5, 4), 'category': 'Vegetables', 'status': 'SOLD', 'location': 'andheri', 'image_url': '/uploads/7003248a-9638-425d-a07b-2c9d22933703.jpg', 'views_count': 0, 'favorites_count': 0, 'farmer_id': UUID('7d577d72-4704-48d1-a0f2-763c02f04533')}]
(Background on this error at: https://sqlalche.me/e/20/9h9h)
2026-01-31 15:02:24,878 | [INFO] | smart_agri_logger | create_crop_listing | Line 75 | Processing new crop listing: Brinjal
2026-01-31 15:02:36,396 | [INFO] | smart_agri_logger | create_crop_listing | Line 75 | Processing new crop listing: Brinjal
2026-01-31 15:02:36,406 | [INFO] | smart_agri_logger | create_crop_listing | Line 108 | Uploading image to Cloudinary...
2026-01-31 15:02:36,410 | [ERROR] | smart_agri_logger | create_crop_listing | Line 140 | Error creating crop listing: (psycopg2.errors.InvalidTextRepresentation) invalid input value for enum cropcategory: "Vegetables"
LINE 1: ...4.0, 0.0, '2025-05-04'::date, '2028-05-04'::date, 'Vegetable...
                                                             ^

[SQL: INSERT INTO crop_listings (id, crop_name, description, quantity_kg, price_per_kg, discount_percent, harvest_date, expiry_date, category, status, location, image_url, views_count, favorites_count, farmer_id) VALUES (%(id)s::UUID, %(crop_name)s, %(description)s, %(quantity_kg)s, %(price_per_kg)s, %(discount_percent)s, %(harvest_date)s, %(expiry_date)s, %(category)s, %(status)s, %(location)s, %(image_url)s, %(views_count)s, %(favorites_count)s, %(farmer_id)s::UUID) RETURNING crop_listings.created_at, crop_listings.updated_at]
[parameters: {'id': UUID('4bdaf56c-43a0-4002-959a-4a65c98b3e62'), 'crop_name': 'Brinjal', 'description': 'dsds', 'quantity_kg': 45.0, 'price_per_kg': 54.0, 'discount_percent': 0.0, 'harvest_date': datetime.date(2025, 5, 4), 'expiry_date': datetime.date(2028, 5, 4), 'category': 'Vegetables', 'status': 'SOLD', 'location': 'andheri', 'image_url': '/uploads/e80e207a-a1ba-4fea-a93c-6b3e15714738.jpg', 'views_count': 0, 'favorites_count': 0, 'farmer_id': UUID('7d577d72-4704-48d1-a0f2-763c02f04533')}]
(Background on this error at: https://sqlalche.me/e/20/9h9h)
2026-01-31 15:05:09,832 | [INFO] | smart_agri_logger | create_crop_listing | Line 75 | Processing new crop listing: Brinjal
2026-01-31 15:05:09,853 | [INFO] | smart_agri_logger | create_crop_listing | Line 108 | Uploading image to Cloudinary...
2026-01-31 15:05:09,914 | [ERROR] | smart_agri_logger | create_crop_listing | Line 140 | Error creating crop listing: (psycopg2.errors.InvalidTextRepresentation) invalid input value for enum cropcategory: "Vegetables"
LINE 1: ...4.0, 0.0, '2025-05-04'::date, '2028-05-04'::date, 'Vegetable...
                                                             ^

[SQL: INSERT INTO crop_listings (id, crop_name, description, quantity_kg, price_per_kg, discount_percent, harvest_date, expiry_date, category, status, location, image_url, views_count, favorites_count, farmer_id) VALUES (%(id)s::UUID, %(crop_name)s, %(description)s, %(quantity_kg)s, %(price_per_kg)s, %(discount_percent)s, %(harvest_date)s, %(expiry_date)s, %(category)s, %(status)s, %(location)s, %(image_url)s, %(views_count)s, %(favorites_count)s, %(farmer_id)s::UUID) RETURNING crop_listings.created_at, crop_listings.updated_at]
[parameters: {'id': UUID('42e312b0-03a6-4bab-ac8d-5e74ea699927'), 'crop_name': 'Brinjal', 'description': 'dsds', 'quantity_kg': 45.0, 'price_per_kg': 54.0, 'discount_percent': 0.0, 'harvest_date': datetime.date(2025, 5, 4), 'expiry_date': datetime.date(2028, 5, 4), 'category': 'Vegetables', 'status': 'SOLD', 'location': 'andheri', 'image_url': '/uploads/a579141c-162a-4f01-ad86-9246f74ca47b.jpg', 'views_count': 0, 'favorites_count': 0, 'farmer_id': UUID('7d577d72-4704-48d1-a0f2-763c02f04533')}]
(Background on this error at: https://sqlalche.me/e/20/9h9h)
2026-01-31 15:05:38,123 | [INFO] | smart_agri_logger | create_crop_listing | Line 75 | Processing new crop listing: Brinjal
2026-01-31 15:06:49,148 | [INFO] | smart_agri_logger | create_crop_listing | Line 75 | Processing new crop listing: Brinjal
2026-01-31 15:06:49,162 | [INFO] | smart_agri_logger | create_crop_listing | Line 108 | Uploading image to Cloudinary...
2026-01-31 15:06:49,231 | [INFO] | smart_agri_logger | create_crop_listing | Line 133 | Crop 'Brinjal' added successfully with ID d4356166-a304-4513-8c12-33413a3df3af
2026-01-31 15:14:10,277 | [INFO] | smart_agri_logger | create_crop_listing | Line 75 | Processing new crop listing: Brinjal
2026-01-31 15:16:05,999 | [INFO] | smart_agri_logger | create_crop_listing | Line 75 | Processing new crop listing: Brinjal
2026-01-31 15:16:06,012 | [INFO] | smart_agri_logger | create_crop_listing | Line 108 | Uploading image to Cloudinary...
2026-01-31 15:16:06,078 | [ERROR] | smart_agri_logger | create_crop_listing | Line 140 | Error creating crop listing: (psycopg2.errors.InvalidTextRepresentation) invalid input value for enum cropcategory: "Vegetables"
LINE 1: ...4.0, 0.0, '2025-05-04'::date, '2028-05-04'::date, 'Vegetable...
                                                             ^

[SQL: INSERT INTO crop_listings (id, crop_name, description, quantity_kg, price_per_kg, discount_percent, harvest_date, expiry_date, category, status, location, image_url, views_count, favorites_count, farmer_id) VALUES (%(id)s::UUID, %(crop_name)s, %(description)s, %(quantity_kg)s, %(price_per_kg)s, %(discount_percent)s, %(harvest_date)s, %(expiry_date)s, %(category)s, %(status)s, %(location)s, %(image_url)s, %(views_count)s, %(favorites_count)s, %(farmer_id)s::UUID) RETURNING crop_listings.created_at, crop_listings.updated_at]
[parameters: {'id': UUID('58b71f08-abe9-44c7-80e3-3732c008814f'), 'crop_name': 'Brinjal', 'description': 'dsds', 'quantity_kg': 45.0, 'price_per_kg': 54.0, 'discount_percent': 0.0, 'harvest_date': datetime.date(2025, 5, 4), 'expiry_date': datetime.date(2028, 5, 4), 'category': 'Vegetables', 'status': 'SOLD', 'location': 'andheri', 'image_url': '/uploads/50a07ca9-8e57-481a-86a9-02e61d02c6da.jpg', 'views_count': 0, 'favorites_count': 0, 'farmer_id': UUID('7d577d72-4704-48d1-a0f2-763c02f04533')}]
(Background on this error at: https://sqlalche.me/e/20/9h9h)
2026-01-31 15:17:12,733 | [INFO] | smart_agri_logger | create_crop_listing | Line 75 | Processing new crop listing: Brinjal
2026-01-31 15:17:12,741 | [INFO] | smart_agri_logger | create_crop_listing | Line 108 | Uploading image to Cloudinary...
2026-01-31 15:17:12,752 | [ERROR] | smart_agri_logger | create_crop_listing | Line 140 | Error creating crop listing: (psycopg2.errors.InvalidTextRepresentation) invalid input value for enum cropcategory: "Vegetables"
LINE 1: ...4.0, 0.0, '2025-05-04'::date, '2028-05-04'::date, 'Vegetable...
                                                             ^

[SQL: INSERT INTO crop_listings (id, crop_name, description, quantity_kg, price_per_kg, discount_percent, harvest_date, expiry_date, category, status, location, image_url, views_count, favorites_count, farmer_id) VALUES (%(id)s::UUID, %(crop_name)s, %(description)s, %(quantity_kg)s, %(price_per_kg)s, %(discount_percent)s, %(harvest_date)s, %(expiry_date)s, %(category)s, %(status)s, %(location)s, %(image_url)s, %(views_count)s, %(favorites_count)s, %(farmer_id)s::UUID) RETURNING crop_listings.created_at, crop_listings.updated_at]
[parameters: {'id': UUID('8d2daef3-f186-4f56-bf80-4c612a35aeb9'), 'crop_name': 'Brinjal', 'description': 'dsds', 'quantity_kg': 45.0, 'price_per_kg': 54.0, 'discount_percent': 0.0, 'harvest_date': datetime.date(2025, 5, 4), 'expiry_date': datetime.date(2028, 5, 4), 'category': 'Vegetables', 'status': 'SOLD', 'location': 'andheri', 'image_url': '/uploads/7da73583-c9f1-4718-8cf5-79018aa0ebe2.jpg', 'views_count': 0, 'favorites_count': 0, 'farmer_id': UUID('7d577d72-4704-48d1-a0f2-763c02f04533')}]
(Background on this error at: https://sqlalche.me/e/20/9h9h)
2026-01-31 15:17:37,877 | [INFO] | smart_agri_logger | create_crop_listing | Line 75 | Processing new crop listing: Brinjal
2026-01-31 15:18:37,223 | [INFO] | smart_agri_logger | create_crop_listing | Line 75 | Processing new crop listing: Brinjal
2026-01-31 15:30:53,443 | [INFO] | smart_agri_logger | create_crop_listing | Line 75 | Processing new crop listing: Brinjal
2026-01-31 15:32:31,677 | [INFO] | smart_agri_logger | create_crop_listing | Line 75 | Processing new crop listing: Brinjal
2026-01-31 15:34:34,707 | [INFO] | smart_agri_logger | create_crop_listing | Line 75 | Processing new crop listing: Brinjal
2026-01-31 15:34:56,566 | [INFO] | smart_agri_logger | get_all_crops | Line 232 | Fetched 25 crops (skip=0, limit=100)
2026-01-31 15:37:14,915 | [INFO] | smart_agri_logger | get_all_crops | Line 232 | Fetched 25 crops (skip=0, limit=100)
2026-01-31 15:38:47,025 | [INFO] | smart_agri_logger | get_all_crops | Line 232 | Fetched 25 crops (skip=0, limit=100)
2026-01-31 15:41:28,076 | [INFO] | smart_agri_logger | get_all_crops | Line 232 | Fetched 25 crops (skip=0, limit=100)
2026-01-31 15:42:49,626 | [INFO] | smart_agri_logger | get_all_crops | Line 232 | Fetched 25 crops (skip=0, limit=100)
2026-01-31 15:42:59,731 | [INFO] | smart_agri_logger | get_all_crops | Line 232 | Fetched 25 crops (skip=0, limit=100)
2026-01-31 15:43:16,372 | [INFO] | smart_agri_logger | get_all_crops | Line 232 | Fetched 25 crops (skip=0, limit=100)
2026-01-31 15:43:16,646 | [INFO] | smart_agri_logger | get_all_crops | Line 232 | Fetched 25 crops (skip=0, limit=100)
2026-01-31 15:43:31,113 | [INFO] | smart_agri_logger | get_all_crops | Line 232 | Fetched 25 crops (skip=0, limit=100)
2026-01-31 15:43:56,360 | [INFO] | smart_agri_logger | get_all_crops | Line 232 | Fetched 25 crops (skip=0, limit=100)
2026-01-31 15:44:30,014 | [INFO] | smart_agri_logger | get_all_crops | Line 232 | Fetched 25 crops (skip=0, limit=100)
2026-01-31 15:45:31,127 | [INFO] | smart_agri_logger | get_all_crops | Line 232 | Fetched 25 crops (skip=0, limit=100)
2026-01-31 15:47:39,040 | [INFO] | smart_agri_logger | get_all_crops | Line 232 | Fetched 25 crops (skip=0, limit=100)
2026-01-31 15:48:20,501 | [INFO] | smart_agri_logger | get_all_crops | Line 232 | Fetched 25 crops (skip=0, limit=100)
2026-01-31 15:49:21,201 | [INFO] | smart_agri_logger | get_all_crops | Line 232 | Fetched 25 crops (skip=0, limit=100)
2026-01-31 15:49:34,596 | [INFO] | smart_agri_logger | get_all_crops | Line 232 | Fetched 25 crops (skip=0, limit=100)
2026-01-31 15:49:48,781 | [INFO] | smart_agri_logger | get_all_crops | Line 232 | Fetched 25 crops (skip=0, limit=100)
2026-01-31 15:49:52,461 | [INFO] | smart_agri_logger | get_all_crops | Line 232 | Fetched 25 crops (skip=0, limit=100)
2026-01-31 15:50:06,289 | [INFO] | smart_agri_logger | get_all_crops | Line 232 | Fetched 25 crops (skip=0, limit=100)
2026-01-31 15:50:38,986 | [INFO] | smart_agri_logger | get_all_crops | Line 232 | Fetched 25 crops (skip=0, limit=100)
2026-01-31 15:51:06,271 | [INFO] | smart_agri_logger | get_all_crops | Line 232 | Fetched 25 crops (skip=0, limit=100)
2026-01-31 15:51:14,008 | [INFO] | smart_agri_logger | get_all_crops | Line 232 | Fetched 25 crops (skip=0, limit=100)
2026-01-31 15:51:29,249 | [INFO] | smart_agri_logger | get_all_crops | Line 232 | Fetched 25 crops (skip=0, limit=100)
2026-01-31 15:51:32,496 | [INFO] | smart_agri_logger | get_all_crops | Line 232 | Fetched 25 crops (skip=0, limit=100)
2026-01-31 15:51:51,400 | [INFO] | smart_agri_logger | get_all_crops | Line 232 | Fetched 25 crops (skip=0, limit=100)
2026-01-31 15:52:00,865 | [INFO] | smart_agri_logger | get_all_crops | Line 232 | Fetched 25 crops (skip=0, limit=100)
2026-01-31 15:53:08,764 | [INFO] | smart_agri_logger | get_all_crops | Line 232 | Fetched 25 crops (skip=0, limit=100)
2026-01-31 15:53:15,451 | [INFO] | smart_agri_logger | get_all_crops | Line 232 | Fetched 25 crops (skip=0, limit=100)
2026-01-31 15:54:19,757 | [INFO] | smart_agri_logger | get_all_crops | Line 232 | Fetched 25 crops (skip=0, limit=100)
2026-01-31 15:54:28,097 | [INFO] | smart_agri_logger | get_all_crops | Line 232 | Fetched 25 crops (skip=0, limit=100)
2026-01-31 15:55:24,809 | [INFO] | smart_agri_logger | get_all_crops | Line 232 | Fetched 25 crops (skip=0, limit=100)
2026-01-31 15:57:38,663 | [INFO] | smart_agri_logger | get_all_crops | Line 232 | Fetched 25 crops (skip=0, limit=100)
2026-01-31 15:57:45,714 | [INFO] | smart_agri_logger | get_all_crops | Line 232 | Fetched 25 crops (skip=0, limit=100)
2026-01-31 15:58:00,841 | [INFO] | smart_agri_logger | get_all_crops | Line 232 | Fetched 25 crops (skip=0, limit=100)
2026-01-31 15:58:08,297 | [INFO] | smart_agri_logger | get_all_crops | Line 232 | Fetched 25 crops (skip=0, limit=100)
2026-01-31 15:58:11,908 | [INFO] | smart_agri_logger | get_all_crops | Line 232 | Fetched 25 crops (skip=0, limit=100)
2026-01-31 15:58:18,521 | [INFO] | smart_agri_logger | get_all_crops | Line 232 | Fetched 25 crops (skip=0, limit=100)
2026-01-31 15:58:58,084 | [INFO] | smart_agri_logger | get_all_crops | Line 232 | Fetched 25 crops (skip=0, limit=100)
2026-01-31 15:59:30,802 | [INFO] | smart_agri_logger | get_all_crops | Line 232 | Fetched 25 crops (skip=0, limit=100)
2026-01-31 16:06:04,854 | [INFO] | smart_agri_logger | get_all_crops | Line 232 | Fetched 25 crops (skip=0, limit=100)
2026-01-31 16:06:07,020 | [INFO] | smart_agri_logger | get_all_crops | Line 232 | Fetched 25 crops (skip=0, limit=100)
2026-01-31 18:03:34,220 | [INFO] | smart_agri_logger | get_all_crops | Line 232 | Fetched 25 crops (skip=0, limit=100)
2026-01-31 18:03:40,803 | [INFO] | smart_agri_logger | get_all_crops | Line 232 | Fetched 25 crops (skip=0, limit=100)
2026-01-31 18:04:54,677 | [INFO] | smart_agri_logger | get_all_crops | Line 232 | Fetched 25 crops (skip=0, limit=100)
2026-01-31 18:05:06,967 | [INFO] | smart_agri_logger | get_all_crops | Line 232 | Fetched 25 crops (skip=0, limit=100)
2026-01-31 18:06:57,672 | [INFO] | smart_agri_logger | get_all_crops | Line 232 | Fetched 25 crops (skip=0, limit=100)
2026-01-31 18:07:00,499 | [INFO] | smart_agri_logger | get_all_crops | Line 232 | Fetched 25 crops (skip=0, limit=100)
2026-01-31 18:07:13,786 | [INFO] | smart_agri_logger | get_all_crops | Line 232 | Fetched 25 crops (skip=0, limit=100)
2026-01-31 18:08:08,381 | [INFO] | smart_agri_logger | get_all_crops | Line 232 | Fetched 25 crops (skip=0, limit=100)
2026-01-31 18:08:26,175 | [INFO] | smart_agri_logger | get_all_crops | Line 232 | Fetched 25 crops (skip=0, limit=100)
2026-01-31 18:09:34,771 | [INFO] | smart_agri_logger | get_all_crops | Line 232 | Fetched 25 crops (skip=0, limit=100)
2026-01-31 18:09:46,632 | [INFO] | smart_agri_logger | get_all_crops | Line 232 | Fetched 25 crops (skip=0, limit=100)
2026-01-31 18:09:50,919 | [INFO] | smart_agri_logger | get_all_crops | Line 232 | Fetched 25 crops (skip=0, limit=100)
2026-01-31 18:09:59,330 | [INFO] | smart_agri_logger | get_all_crops | Line 232 | Fetched 25 crops (skip=0, limit=100)
2026-01-31 18:10:36,020 | [INFO] | smart_agri_logger | get_all_crops | Line 232 | Fetched 25 crops (skip=0, limit=100)
2026-01-31 18:18:13,992 | [INFO] | smart_agri_logger | get_all_crops | Line 232 | Fetched 25 crops (skip=0, limit=100)
2026-01-31 18:18:24,726 | [INFO] | smart_agri_logger | get_all_crops | Line 232 | Fetched 25 crops (skip=0, limit=100)
2026-01-31 18:19:42,986 | [INFO] | smart_agri_logger | get_all_crops | Line 232 | Fetched 25 crops (skip=0, limit=100)
2026-01-31 18:24:27,979 | [INFO] | smart_agri_logger | get_all_crops | Line 232 | Fetched 25 crops (skip=0, limit=100)
2026-01-31 18:25:36,349 | [INFO] | smart_agri_logger | get_all_crops | Line 232 | Fetched 25 crops (skip=0, limit=100)
2026-01-31 18:25:59,778 | [INFO] | smart_agri_logger | get_all_crops | Line 232 | Fetched 25 crops (skip=0, limit=100)
2026-01-31 18:26:36,078 | [INFO] | smart_agri_logger | get_all_crops | Line 232 | Fetched 25 crops (skip=0, limit=100)
2026-01-31 18:46:10,493 | [INFO] | smart_agri_logger | get_all_crops | Line 232 | Fetched 25 crops (skip=0, limit=100)
2026-01-31 18:46:56,435 | [INFO] | smart_agri_logger | get_all_crops | Line 232 | Fetched 25 crops (skip=0, limit=100)
2026-01-31 18:47:01,420 | [INFO] | smart_agri_logger | get_all_crops | Line 232 | Fetched 25 crops (skip=0, limit=100)
2026-01-31 18:47:03,549 | [INFO] | smart_agri_logger | get_all_crops | Line 232 | Fetched 25 crops (skip=0, limit=100)
2026-02-01 09:03:44,093 | [INFO] | smart_agri_logger | get_all_crops | Line 232 | Fetched 25 crops (skip=0, limit=100)
2026-02-01 09:03:46,542 | [INFO] | smart_agri_logger | get_all_crops | Line 232 | Fetched 25 crops (skip=0, limit=100)
2026-02-01 09:21:48,666 | [INFO] | smart_agri_logger | get_all_crops | Line 232 | Fetched 25 crops (skip=0, limit=100)
2026-02-01 09:56:43,631 | [INFO] | smart_agri_logger | get_all_crops | Line 232 | Fetched 25 crops (skip=0, limit=100)
2026-02-01 09:56:49,919 | [INFO] | smart_agri_logger | get_all_crops | Line 232 | Fetched 25 crops (skip=0, limit=100)
2026-02-01 09:58:20,796 | [INFO] | smart_agri_logger | create_crop_listing | Line 75 | Processing new crop listing: Watermelon
2026-02-01 09:58:27,493 | [INFO] | smart_agri_logger | get_all_crops | Line 232 | Fetched 25 crops (skip=0, limit=100)
2026-02-01 09:58:32,086 | [INFO] | smart_agri_logger | get_all_crops | Line 232 | Fetched 25 crops (skip=0, limit=100)
2026-02-01 10:00:50,014 | [INFO] | smart_agri_logger | create_crop_listing | Line 75 | Processing new crop listing: Watermelon
