2026-02-01 10:02:59,316 | [INFO] | smart_agri_logger | create_crop_listing | Line 75 | Processing new crop listing: Watermelon
2026-02-01 10:04:04,291 | [INFO] | smart_agri_logger | create_crop_listing | Line 75 | Processing new crop listing: Watermelon
2026-02-01 10:04:41,477 | [INFO] | smart_agri_logger | create_crop_listing | Line 75 | Processing new crop listing: Watermelon
2026-02-01 10:05:53,729 | [INFO] | smart_agri_logger | create_crop_listing | Line 75 | Processing new crop listing: Watermelon
2026-02-01 10:05:53,769 | [INFO] | smart_agri_logger | create_crop_listing | Line 75 | Processing new crop listing: Watermelon
2026-02-01 10:05:53,788 | [INFO] | smart_agri_logger | create_crop_listing | Line 75 | Processing new crop listing: Watermelon
2026-02-01 10:05:53,876 | [INFO] | smart_agri_logger | create_crop_listing | Line 75 | Processing new crop listing: Watermelon
2026-02-01 10:06:17,029 | [INFO] | smart_agri_logger | create_crop_listing | Line 75 | Processing new crop listing: Watermelon
2026-02-01 10:06:17,034 | [INFO] | smart_agri_logger | create_crop_listing | Line 108 | Uploading image to Cloudinary...
2026-02-01 10:06:17,086 | [INFO] | smart_agri_logger | create_crop_listing | Line 133 | Crop 'Watermelon' added successfully with ID 928134b1-a8a2-4df6-a62e-2c0ba118889c
2026-02-01 10:06:47,378 | [INFO] | smart_agri_logger | get_all_crops | Line 232 | Fetched 26 crops (skip=0, limit=100)
2026-02-01 10:06:48,449 | [INFO] | smart_agri_logger | get_all_crops | Line 232 | Fetched 26 crops (skip=0, limit=100)
2026-02-01 10:06:50,469 | [INFO] | smart_agri_logger | get_all_crops | Line 232 | Fetched 26 crops (skip=0, limit=100)
2026-02-01 10:06:55,460 | [INFO] | smart_agri_logger | get_all_crops | Line 232 | Fetched 26 crops (skip=0, limit=100)
2026-02-01 10:06:56,552 | [INFO] | smart_agri_logger | get_all_crops | Line 232 | Fetched 26 crops (skip=0, limit=100)
2026-02-01 10:06:59,395 | [INFO] | smart_agri_logger | get_all_crops | Line 232 | Fetched 26 crops (skip=0, limit=100)
2026-02-01 10:08:27,614 | [INFO] | smart_agri_logger | get_all_crops | Line 232 | Fetched 26 crops (skip=0, limit=100)
2026-02-01 10:11:38,802 | [INFO] | smart_agri_logger | get_all_crops | Line 232 | Fetched 26 crops (skip=0, limit=100)
2026-02-01 10:11:41,694 | [INFO] | smart_agri_logger | get_all_crops | Line 232 | Fetched 26 crops (skip=0, limit=100)
2026-02-01 10:14:24,912 | [INFO] | smart_agri_logger | get_all_crops | Line 232 | Fetched 26 crops (skip=0, limit=100)
2026-02-01 10:14:27,299 | [INFO] | smart_agri_logger | get_all_crops | Line 232 | Fetched 26 crops (skip=0, limit=100)
2026-02-01 10:14:27,477 | [INFO] | smart_agri_logger | get_all_crops | Line 232 | Fetched 26 crops (skip=0, limit=100)
2026-02-01 10:14:27,905 | [INFO] | smart_agri_logger | get_all_crops | Line 232 | Fetched 26 crops (skip=0, limit=100)
2026-02-01 10:14:28,212 | [INFO] | smart_agri_logger | get_all_crops | Line 232 | Fetched 26 crops (skip=0, limit=100)
2026-02-01 10:14:28,412 | [INFO] | smart_agri_logger | get_all_crops | Line 232 | Fetched 26 crops (skip=0, limit=100)
2026-02-01 10:14:28,593 | [INFO] | smart_agri_logger | get_all_crops | Line 232 | Fetched 26 crops (skip=0, limit=100)
2026-02-01 10:14:28,843 | [INFO] | smart_agri_logger | get_all_crops | Line 232 | Fetched 26 crops (skip=0, limit=100)
2026-02-01 10:14:29,150 | [INFO] | smart_agri_logger | get_all_crops | Line 232 | Fetched 26 crops (skip=0, limit=100)
2026-02-01 10:14:29,325 | [INFO] | smart_agri_logger | get_all_crops | Line 232 | Fetched 26 crops (skip=0, limit=100)
2026-02-01 10:14:55,820 | [INFO] | smart_agri_logger | get_all_crops | Line 232 | Fetched 26 crops (skip=0, limit=100)
2026-02-01 10:14:56,111 | [INFO] | smart_agri_logger | get_all_crops | Line 232 | Fetched 26 crops (skip=0, limit=100)
2026-02-01 10:15:11,184 | [INFO] | smart_agri_logger | get_all_crops | Line 232 | Fetched 26 crops (skip=0, limit=100)
2026-02-01 10:16:22,240 | [INFO] | smart_agri_logger | get_all_crops | Line 232 | Fetched 26 crops (skip=0, limit=100)
2026-02-01 10:16:30,479 | [INFO] | smart_agri_logger | get_all_crops | Line 232 | Fetched 26 crops (skip=0, limit=100)
2026-02-01 10:16:48,522 | [INFO] | smart_agri_logger | get_all_crops | Line 232 | Fetched 26 crops (skip=0, limit=100)
2026-02-01 10:16:56,670 | [INFO] | smart_agri_logger | get_all_crops | Line 232 | Fetched 26 crops (skip=0, limit=100)
2026-02-01 10:17:08,377 | [INFO] | smart_agri_logger | get_all_crops | Line 232 | Fetched 26 crops (skip=0, limit=100)
2026-02-01 10:17:22,490 | [INFO] | smart_agri_logger | get_all_crops | Line 232 | Fetched 26 crops (skip=0, limit=100)
2026-02-01 10:17:29,379 | [INFO] | smart_agri_logger | get_all_crops | Line 232 | Fetched 26 crops (skip=0, limit=100)
2026-02-01 10:17:33,904 | [INFO] | smart_agri_logger | get_all_crops | Line 232 | Fetched 26 crops (skip=0, limit=100)
2026-02-01 10:17:39,028 | [INFO] | smart_agri_logger | get_all_crops | Line 232 | Fetched 26 crops (skip=0, limit=100)
2026-02-01 10:17:44,281 | [INFO] | smart_agri_logger | get_all_crops | Line 232 | Fetched 26 crops (skip=0, limit=100)
2026-02-01 10:17:56,793 | [INFO] | smart_agri_logger | get_all_crops | Line 232 | Fetched 26 crops (skip=0, limit=100)
2026-02-01 10:18:13,302 | [INFO] | smart_agri_logger | get_all_crops | Line 232 | Fetched 26 crops (skip=0, limit=100)
2026-02-01 10:18:23,276 | [INFO] | smart_agri_logger | get_all_crops | Line 232 | Fetched 26 crops (skip=0, limit=100)
2026-02-01 10:20:52,954 | [INFO] | smart_agri_logger | get_all_crops | Line 232 | Fetched 26 crops (skip=0, limit=100)
2026-02-01 10:21:23,736 | [INFO] | smart_agri_logger | get_all_crops | Line 232 | Fetched 26 crops (skip=0, limit=100)
2026-02-01 10:23:59,607 | [INFO] | smart_agri_logger | get_all_crops | Line 232 | Fetched 26 crops (skip=0, limit=100)
2026-02-01 10:27:44,522 | [INFO] | smart_agri_logger | get_all_crops | Line 232 | Fetched 26 crops (skip=0, limit=100)
2026-02-01 10:30:10,217 | [INFO] | smart_agri_logger | get_all_crops | Line 232 | Fetched 26 crops (skip=0, limit=100)
2026-02-01 10:30:26,557 | [INFO] | smart_agri_logger | get_all_crops | Line 232 | Fetched 26 crops (skip=0, limit=100)
2026-02-01 10:30:34,097 | [INFO] | smart_agri_logger | get_all_crops | Line 232 | Fetched 26 crops (skip=0, limit=100)
2026-02-01 10:30:35,067 | [INFO] | smart_agri_logger | get_all_crops | Line 232 | Fetched 26 crops (skip=0, limit=100)
2026-02-01 10:30:39,291 | [INFO] | smart_agri_logger | get_all_crops | Line 232 | Fetched 26 crops (skip=0, limit=100)
2026-02-01 10:35:55,809 | [INFO] | smart_agri_logger | get_all_crops | Line 232 | Fetched 26 crops (skip=0, limit=100)
2026-02-01 10:36:01,489 | [INFO] | smart_agri_logger | get_all_crops | Line 232 | Fetched 26 crops (skip=0, limit=100)
2026-02-01 10:36:03,648 | [INFO] | smart_agri_logger | get_all_crops | Line 232 | Fetched 26 crops (skip=0, limit=100)
2026-02-01 10:36:05,958 | [INFO] | smart_agri_logger | get_all_crops | Line 232 | Fetched 26 crops (skip=0, limit=100)
2026-02-01 10:36:13,810 | [INFO] | smart_agri_logger | get_all_crops | Line 232 | Fetched 26 crops (skip=0, limit=100)
2026-02-01 10:36:14,545 | [INFO] | smart_agri_logger | get_all_crops | Line 232 | Fetched 26 crops (skip=0, limit=100)
2026-02-01 10:37:21,808 | [INFO] | smart_agri_logger | get_all_crops | Line 232 | Fetched 26 crops (skip=0, limit=100)
2026-02-01 10:37:41,298 | [INFO] | smart_agri_logger | get_all_crops | Line 232 | Fetched 26 crops (skip=0, limit=100)
2026-02-01 10:39:26,349 | [INFO] | smart_agri_logger | get_all_crops | Line 232 | Fetched 26 crops (skip=0, limit=100)
2026-02-01 10:39:38,501 | [INFO] | smart_agri_logger | get_all_crops | Line 232 | Fetched 26 crops (skip=0, limit=100)
2026-02-01 10:39:40,809 | [INFO] | smart_agri_logger | get_all_crops | Line 232 | Fetched 26 crops (skip=0, limit=100)
2026-02-01 10:39:57,212 | [INFO] | smart_agri_logger | get_all_crops | Line 232 | Fetched 26 crops (skip=0, limit=100)
2026-02-01 10:40:11,523 | [INFO] | smart_agri_logger | get_all_crops | Line 232 | Fetched 26 crops (skip=0, limit=100)
2026-02-01 10:40:19,153 | [INFO] | smart_agri_logger | get_all_crops | Line 232 | Fetched 26 crops (skip=0, limit=100)
2026-02-01 10:41:37,618 | [INFO] | smart_agri_logger | get_all_crops | Line 232 | Fetched 26 crops (skip=0, limit=100)
2026-02-01 10:41:50,770 | [INFO] | smart_agri_logger | get_all_crops | Line 232 | Fetched 26 crops (skip=0, limit=100)
2026-02-01 10:48:17,294 | [INFO] | smart_agri_logger | get_all_crops | Line 232 | Fetched 26 crops (skip=0, limit=100)
2026-02-01 10:48:24,950 | [INFO] | smart_agri_logger | get_all_crops | Line 232 | Fetched 26 crops (skip=0, limit=100)
2026-02-01 10:48:48,421 | [INFO] | smart_agri_logger | get_all_crops | Line 232 | Fetched 26 crops (skip=0, limit=100)
2026-02-01 10:49:12,970 | [INFO] | smart_agri_logger | get_all_crops | Line 232 | Fetched 26 crops (skip=0, limit=100)
2026-02-01 10:49:34,084 | [INFO] | smart_agri_logger | get_all_crops | Line 232 | Fetched 26 crops (skip=0, limit=100)
2026-02-01 10:49:36,096 | [INFO] | smart_agri_logger | get_all_crops | Line 232 | Fetched 26 crops (skip=0, limit=100)
2026-02-01 10:49:36,343 | [INFO] | smart_agri_logger | get_all_crops | Line 232 | Fetched 26 crops (skip=0, limit=100)
2026-02-01 10:51:30,819 | [INFO] | smart_agri_logger | get_all_crops | Line 232 | Fetched 26 crops (skip=0, limit=100)
2026-02-01 10:54:52,393 | [INFO] | smart_agri_logger | get_all_crops | Line 232 | Fetched 26 crops (skip=0, limit=100)
2026-02-01 10:59:55,381 | [INFO] | smart_agri_logger | get_my_crops | Line 337 | Fetched 25 crops for farmer 7d577d72-4704-48d1-a0f2-763c02f04533 (skip=0, limit=100)
2026-02-01 11:07:22,930 | [INFO] | smart_agri_logger | get_all_crops | Line 232 | Fetched 26 crops (skip=0, limit=100)
2026-02-01 11:17:41,589 | [INFO] | smart_agri_logger | get_all_crops | Line 232 | Fetched 26 crops (skip=0, limit=100)
2026-02-01 11:18:55,535 | [INFO] | smart_agri_logger | get_all_crops | Line 232 | Fetched 26 crops (skip=0, limit=100)
2026-02-01 11:18:58,197 | [INFO] | smart_agri_logger | get_all_crops | Line 232 | Fetched 26 crops (skip=0, limit=100)
2026-02-01 11:19:00,905 | [INFO] | smart_agri_logger | get_all_crops | Line 232 | Fetched 26 crops (skip=0, limit=100)
2026-02-01 11:19:04,468 | [INFO] | smart_agri_logger | get_all_crops | Line 232 | Fetched 26 crops (skip=0, limit=100)
2026-02-01 11:19:09,964 | [INFO] | smart_agri_logger | get_all_crops | Line 232 | Fetched 26 crops (skip=0, limit=100)
2026-02-01 11:19:14,890 | [INFO] | smart_agri_logger | get_all_crops | Line 232 | Fetched 26 crops (skip=0, limit=100)
2026-02-01 11:19:18,536 | [INFO] | smart_agri_logger | get_all_crops | Line 232 | Fetched 26 crops (skip=0, limit=100)
2026-02-01 11:19:22,829 | [INFO] | smart_agri_logger | get_all_crops | Line 232 | Fetched 26 crops (skip=0, limit=100)
2026-02-01 11:20:33,172 | [INFO] | smart_agri_logger | get_all_crops | Line 232 | Fetched 26 crops (skip=0, limit=100)
2026-02-01 11:20:40,308 | [INFO] | smart_agri_logger | get_all_crops | Line 232 | Fetched 26 crops (skip=0, limit=100)
2026-02-01 11:21:03,767 | [INFO] | smart_agri_logger | get_all_crops | Line 232 | Fetched 26 crops (skip=0, limit=100)
2026-02-01 11:21:07,753 | [INFO] | smart_agri_logger | get_all_crops | Line 232 | Fetched 26 crops (skip=0, limit=100)
2026-02-01 11:21:10,398 | [INFO] | smart_agri_logger | get_all_crops | Line 232 | Fetched 26 crops (skip=0, limit=100)
2026-02-01 11:21:27,256 | [INFO] | smart_agri_logger | get_all_crops | Line 232 | Fetched 26 crops (skip=0, limit=100)
2026-02-01 11:21:49,382 | [INFO] | smart_agri_logger | get_my_crops | Line 337 | Fetched 25 crops for farmer 7d577d72-4704-48d1-a0f2-763c02f04533 (skip=0, limit=100)
2026-02-01 11:21:52,285 | [INFO] | smart_agri_logger | get_my_crops | Line 337 | Fetched 25 crops for farmer 7d577d72-4704-48d1-a0f2-763c02f04533 (skip=0, limit=100)
2026-02-01 11:22:03,366 | [INFO] | smart_agri_logger | get_my_crops | Line 337 | Fetched 25 crops for farmer 7d577d72-4704-48d1-a0f2-763c02f04533 (skip=0, limit=100)
2026-02-01 11:22:03,808 | [INFO] | smart_agri_logger | get_my_crops | Line 337 | Fetched 25 crops for farmer 7d577d72-4704-48d1-a0f2-763c02f04533 (skip=0, limit=100)
2026-02-01 11:23:09,993 | [INFO] | smart_agri_logger | get_my_crops | Line 337 | Fetched 25 crops for farmer 7d577d72-4704-48d1-a0f2-763c02f04533 (skip=0, limit=100)
2026-02-01 11:23:55,162 | [INFO] | smart_agri_logger | get_my_crops | Line 337 | Fetched 25 crops for farmer 7d577d72-4704-48d1-a0f2-763c02f04533 (skip=0, limit=100)
2026-02-01 11:24:36,514 | [INFO] | smart_agri_logger | get_my_crops | Line 337 | Fetched 25 crops for farmer 7d577d72-4704-48d1-a0f2-763c02f04533 (skip=0, limit=100)
2026-02-01 11:24:42,394 | [INFO] | smart_agri_logger | get_all_crops | Line 232 | Fetched 26 crops (skip=0, limit=100)
2026-02-01 11:24:50,591 | [INFO] | smart_agri_logger | get_my_crops | Line 337 | Fetched 25 crops for farmer 7d577d72-4704-48d1-a0f2-763c02f04533 (skip=0, limit=100)
2026-02-01 11:25:18,935 | [INFO] | smart_agri_logger | get_my_crops | Line 337 | Fetched 25 crops for farmer 7d577d72-4704-48d1-a0f2-763c02f04533 (skip=0, limit=100)
2026-02-01 11:27:58,742 | [INFO] | smart_agri_logger | get_my_crops | Line 337 | Fetched 25 crops for farmer 7d577d72-4704-48d1-a0f2-763c02f04533 (skip=0, limit=100)
2026-02-01 11:28:25,325 | [INFO] | smart_agri_logger | get_my_crops | Line 337 | Fetched 25 crops for farmer 7d577d72-4704-48d1-a0f2-763c02f04533 (skip=0, limit=100)
2026-02-01 11:28:28,593 | [INFO] | smart_agri_logger | get_my_crops | Line 337 | Fetched 25 crops for farmer 7d577d72-4704-48d1-a0f2-763c02f04533 (skip=0, limit=100)
2026-02-01 11:28:29,818 | [INFO] | smart_agri_logger | get_my_crops | Line 337 | Fetched 25 crops for farmer 7d577d72-4704-48d1-a0f2-763c02f04533 (skip=0, limit=100)
2026-02-01 11:28:38,195 | [INFO] | smart_agri_logger | get_my_crops | Line 337 | Fetched 25 crops for farmer 7d577d72-4704-48d1-a0f2-763c02f04533 (skip=0, limit=100)
2026-02-01 11:28:44,385 | [INFO] | smart_agri_logger | get_my_crops | Line 337 | Fetched 25 crops for farmer 7d577d72-4704-48d1-a0f2-763c02f04533 (skip=0, limit=100)
2026-02-01 11:28:46,533 | [INFO] | smart_agri_logger | get_my_crops | Line 337 | Fetched 25 crops for farmer 7d577d72-4704-48d1-a0f2-763c02f04533 (skip=0, limit=100)
2026-02-01 11:28:54,861 | [INFO] | smart_agri_logger | get_my_crops | Line 337 | Fetched 25 crops for farmer 7d577d72-4704-48d1-a0f2-763c02f04533 (skip=0, limit=100)
2026-02-01 11:29:04,481 | [INFO] | smart_agri_logger | get_my_crops | Line 337 | Fetched 25 crops for farmer 7d577d72-4704-48d1-a0f2-763c02f04533 (skip=0, limit=100)
2026-02-01 11:29:06,247 | [INFO] | smart_agri_logger | get_my_crops | Line 337 | Fetched 25 crops for farmer 7d577d72-4704-48d1-a0f2-763c02f04533 (skip=0, limit=100)
2026-02-01 11:29:08,842 | [INFO] | smart_agri_logger | get_my_crops | Line 337 | Fetched 25 crops for farmer 7d577d72-4704-48d1-a0f2-763c02f04533 (skip=0, limit=100)
2026-02-01 11:29:14,070 | [INFO] | smart_agri_logger | get_my_crops | Line 337 | Fetched 25 crops for farmer 7d577d72-4704-48d1-a0f2-763c02f04533 (skip=0, limit=100)
2026-02-01 11:29:15,446 | [INFO] | smart_agri_logger | get_my_crops | Line 337 | Fetched 25 crops for farmer 7d577d72-4704-48d1-a0f2-763c02f04533 (skip=0, limit=100)
2026-02-01 11:46:53,654 | [INFO] | smart_agri_logger | get_my_crops | Line 337 | Fetched 25 crops for farmer 7d577d72-4704-48d1-a0f2-763c02f04533 (skip=0, limit=100)
2026-02-01 11:47:00,403 | [INFO] | smart_agri_logger | get_my_crops | Line 337 | Fetched 25 crops for farmer 7d577d72-4704-48d1-a0f2-763c02f04533 (skip=0, limit=100)
2026-02-01 11:47:01,648 | [INFO] | smart_agri_logger | get_my_crops | Line 337 | Fetched 25 crops for farmer 7d577d72-4704-48d1-a0f2-763c02f04533 (skip=0, limit=100)
2026-02-01 11:47:03,074 | [INFO] | smart_agri_logger | get_my_crops | Line 337 | Fetched 25 crops for farmer 7d577d72-4704-48d1-a0f2-763c02f04533 (skip=0, limit=100)
2026-02-01 11:47:11,072 | [INFO] | smart_agri_logger | get_my_crops | Line 337 | Fetched 25 crops for farmer 7d577d72-4704-48d1-a0f2-763c02f04533 (skip=0, limit=100)
2026-02-01 11:47:17,905 | [INFO] | smart_agri_logger | get_my_crops | Line 337 | Fetched 25 crops for farmer 7d577d72-4704-48d1-a0f2-763c02f04533 (skip=0, limit=100)
2026-02-01 11:47:27,857 | [INFO] | smart_agri_logger | get_my_crops | Line 337 | Fetched 25 crops for farmer 7d577d72-4704-48d1-a0f2-763c02f04533 (skip=0, limit=100)
2026-02-01 11:47:30,808 | [INFO] | smart_agri_logger | get_my_crops | Line 337 | Fetched 25 crops for farmer 7d577d72-4704-48d1-a0f2-763c02f04533 (skip=0, limit=100)
2026-02-01 11:47:38,035 | [INFO] | smart_agri_logger | get_my_crops | Line 337 | Fetched 25 crops for farmer 7d577d72-4704-48d1-a0f2-763c02f04533 (skip=0, limit=100)
2026-02-01 11:48:00,722 | [INFO] | smart_agri_logger | get_my_crops | Line 337 | Fetched 25 crops for farmer 7d577d72-4704-48d1-a0f2-763c02f04533 (skip=0, limit=100)
2026-02-01 11:48:01,985 | [INFO] | smart_agri_logger | get_my_crops | Line 337 | Fetched 25 crops for farmer 7d577d72-4704-48d1-a0f2-763c02f04533 (skip=0, limit=100)
2026-02-01 11:48:32,126 | [INFO] | smart_agri_logger | get_my_crops | Line 337 | Fetched 25 crops for farmer 7d577d72-4704-48d1-a0f2-763c02f04533 (skip=0, limit=100)
2026-02-01 11:48:34,755 | [INFO] | smart_agri_logger | get_my_crops | Line 337 | Fetched 25 crops for farmer 7d577d72-4704-48d1-a0f2-763c02f04533 (skip=0, limit=100)
2026-02-01 11:48:51,477 | [INFO] | smart_agri_logger | get_my_crops | Line 337 | Fetched 25 crops for farmer 7d577d72-4704-48d1-a0f2-763c02f04533 (skip=0, limit=100)
2026-02-01 11:49:06,286 | [INFO] | smart_agri_logger | get_my_crops | Line 337 | Fetched 25 crops for farmer 7d577d72-4704-48d1-a0f2-763c02f04533 (skip=0, limit=100)
2026-02-01 11:49:07,360 | [INFO] | smart_agri_logger | get_my_crops | Line 337 | Fetched 25 crops for farmer 7d577d72-4704-48d1-a0f2-763c02f04533 (skip=0, limit=100)
2026-02-01 11:49:22,102 | [INFO] | smart_agri_logger | get_my_crops | Line 337 | Fetched 25 crops for farmer 7d577d72-4704-48d1-a0f2-763c02f04533 (skip=0, limit=100)
2026-02-01 11:49:24,555 | [INFO] | smart_agri_logger | get_my_crops | Line 337 | Fetched 25 crops for farmer 7d577d72-4704-48d1-a0f2-763c02f04533 (skip=0, limit=100)
2026-02-01 11:49:28,366 | [INFO] | smart_agri_logger | get_my_crops | Line 337 | Fetched 25 crops for farmer 7d577d72-4704-48d1-a0f2-763c02f04533 (skip=0, limit=100)
2026-02-01 11:49:30,142 | [INFO] | smart_agri_logger | get_my_crops | Line 337 | Fetched 25 crops for farmer 7d577d72-4704-48d1-a0f2-763c02f04533 (skip=0, limit=100)
2026-02-01 11:50:06,121 | [INFO] | smart_agri_logger | get_my_crops | Line 337 | Fetched 25 crops for farmer 7d577d72-4704-48d1-a0f2-763c02f04533 (skip=0, limit=100)
2026-02-01 11:50:07,107 | [INFO] | smart_agri_logger | get_all_crops | Line 232 | Fetched 26 crops (skip=0, limit=100)
2026-02-01 11:50:21,431 | [INFO] | smart_agri_logger | get_all_crops | Line 232 | Fetched 26 crops (skip=0, limit=100)
2026-02-01 11:51:07,270 | [INFO] | smart_agri_logger | get_my_crops | Line 337 | Fetched 25 crops for farmer 7d577d72-4704-48d1-a0f2-763c02f04533 (skip=0, limit=100)
2026-02-01 11:51:26,499 | [INFO] | smart_agri_logger | get_my_crops | Line 337 | Fetched 25 crops for farmer 7d577d72-4704-48d1-a0f2-763c02f04533 (skip=0, limit=100)
2026-02-01 11:51:37,336 | [INFO] | smart_agri_logger | get_my_crops | Line 337 | Fetched 25 crops for farmer 7d577d72-4704-48d1-a0f2-763c02f04533 (skip=0, limit=100)
2026-02-01 11:52:00,452 | [INFO] | smart_agri_logger | get_my_crops | Line 337 | Fetched 25 crops for farmer 7d577d72-4704-48d1-a0f2-763c02f04533 (skip=0, limit=100)
2026-02-01 11:52:22,155 | [INFO] | smart_agri_logger | get_my_crops | Line 337 | Fetched 25 crops for farmer 7d577d72-4704-48d1-a0f2-763c02f04533 (skip=0, limit=100)
2026-02-01 11:52:24,010 | [INFO] | smart_agri_logger | get_my_crops | Line 337 | Fetched 25 crops for farmer 7d577d72-4704-48d1-a0f2-763c02f04533 (skip=0, limit=100)
2026-02-01 11:52:30,080 | [INFO] | smart_agri_logger | get_my_crops | Line 337 | Fetched 25 crops for farmer 7d577d72-4704-48d1-a0f2-763c02f04533 (skip=0, limit=100)
2026-02-01 11:52:33,713 | [INFO] | smart_agri_logger | get_my_crops | Line 337 | Fetched 25 crops for farmer 7d577d72-4704-48d1-a0f2-763c02f04533 (skip=0, limit=100)
2026-02-01 11:52:47,588 | [INFO] | smart_agri_logger | get_my_crops | Line 337 | Fetched 25 crops for farmer 7d577d72-4704-48d1-a0f2-763c02f04533 (skip=0, limit=100)
2026-02-01 11:52:49,679 | [INFO] | smart_agri_logger | get_my_crops | Line 337 | Fetched 25 crops for farmer 7d577d72-4704-48d1-a0f2-763c02f04533 (skip=0, limit=100)
2026-02-01 11:52:54,289 | [INFO] | smart_agri_logger | get_my_crops | Line 337 | Fetched 25 crops for farmer 7d577d72-4704-48d1-a0f2-763c02f04533 (skip=0, limit=100)
2026-02-01 11:53:03,917 | [INFO] | smart_agri_logger | get_my_crops | Line 337 | Fetched 25 crops for farmer 7d577d72-4704-48d1-a0f2-763c02f04533 (skip=0, limit=100)
2026-02-01 11:53:13,419 | [INFO] | smart_agri_logger | get_my_crops | Line 337 | Fetched 25 crops for farmer 7d577d72-4704-48d1-a0f2-763c02f04533 (skip=0, limit=100)
2026-02-01 11:53:14,033 | [INFO] | smart_agri_logger | get_my_crops | Line 337 | Fetched 25 crops for farmer 7d577d72-4704-48d1-a0f2-763c02f04533 (skip=0, limit=100)
2026-02-01 11:53:31,115 | [INFO] | smart_agri_logger | get_my_crops | Line 337 | Fetched 25 crops for farmer 7d577d72-4704-48d1-a0f2-763c02f04533 (skip=0, limit=100)
2026-02-01 11:53:32,297 | [INFO] | smart_agri_logger | get_my_crops | Line 337 | Fetched 25 crops for farmer 7d577d72-4704-48d1-a0f2-763c02f04533 (skip=0, limit=100)
2026-02-01 11:53:36,944 | [INFO] | smart_agri_logger | get_my_crops | Line 337 | Fetched 25 crops for farmer 7d577d72-4704-48d1-a0f2-763c02f04533 (skip=0, limit=100)
2026-02-01 11:53:42,676 | [INFO] | smart_agri_logger | get_my_crops | Line 337 | Fetched 25 crops for farmer 7d577d72-4704-48d1-a0f2-763c02f04533 (skip=0, limit=100)
2026-02-01 11:53:44,457 | [INFO] | smart_agri_logger | get_my_crops | Line 337 | Fetched 25 crops for farmer 7d577d72-4704-48d1-a0f2-763c02f04533 (skip=0, limit=100)
2026-02-01 11:53:49,320 | [INFO] | smart_agri_logger | get_my_crops | Line 337 | Fetched 25 crops for farmer 7d577d72-4704-48d1-a0f2-763c02f04533 (skip=0, limit=100)
2026-02-01 11:53:52,294 | [INFO] | smart_agri_logger | get_my_crops | Line 337 | Fetched 25 crops for farmer 7d577d72-4704-48d1-a0f2-763c02f04533 (skip=0, limit=100)
2026-02-01 11:54:00,233 | [INFO] | smart_agri_logger | get_my_crops | Line 337 | Fetched 25 crops for farmer 7d577d72-4704-48d1-a0f2-763c02f04533 (skip=0, limit=100)
2026-02-01 11:54:02,148 | [INFO] | smart_agri_logger | get_my_crops | Line 337 | Fetched 25 crops for farmer 7d577d72-4704-48d1-a0f2-763c02f04533 (skip=0, limit=100)
2026-02-01 11:54:04,436 | [INFO] | smart_agri_logger | get_my_crops | Line 337 | Fetched 25 crops for farmer 7d577d72-4704-48d1-a0f2-763c02f04533 (skip=0, limit=100)
2026-02-01 11:54:09,833 | [INFO] | smart_agri_logger | get_my_crops | Line 337 | Fetched 25 crops for farmer 7d577d72-4704-48d1-a0f2-763c02f04533 (skip=0, limit=100)
2026-02-01 11:54:12,219 | [INFO] | smart_agri_logger | get_my_crops | Line 337 | Fetched 25 crops for farmer 7d577d72-4704-48d1-a0f2-763c02f04533 (skip=0, limit=100)
2026-02-01 11:54:13,443 | [INFO] | smart_agri_logger | get_my_crops | Line 337 | Fetched 25 crops for farmer 7d577d72-4704-48d1-a0f2-763c02f04533 (skip=0, limit=100)
2026-02-01 11:54:20,470 | [INFO] | smart_agri_logger | get_my_crops | Line 337 | Fetched 25 crops for farmer 7d577d72-4704-48d1-a0f2-763c02f04533 (skip=0, limit=100)
2026-02-01 11:54:35,568 | [INFO] | smart_agri_logger | get_my_crops | Line 337 | Fetched 25 crops for farmer 7d577d72-4704-48d1-a0f2-763c02f04533 (skip=0, limit=100)
2026-02-01 11:55:16,097 | [INFO] | smart_agri_logger | get_my_crops | Line 337 | Fetched 25 crops for farmer 7d577d72-4704-48d1-a0f2-763c02f04533 (skip=0, limit=100)
2026-02-01 11:55:46,028 | [INFO] | smart_agri_logger | get_my_crops | Line 337 | Fetched 25 crops for farmer 7d577d72-4704-48d1-a0f2-763c02f04533 (skip=0, limit=100)
2026-02-01 11:55:52,415 | [INFO] | smart_agri_logger | get_my_crops | Line 337 | Fetched 25 crops for farmer 7d577d72-4704-48d1-a0f2-763c02f04533 (skip=0, limit=100)
2026-02-01 11:56:05,302 | [INFO] | smart_agri_logger | get_my_crops | Line 337 | Fetched 25 crops for farmer 7d577d72-4704-48d1-a0f2-763c02f04533 (skip=0, limit=100)
2026-02-01 11:56:05,516 | [INFO] | smart_agri_logger | get_my_crops | Line 337 | Fetched 25 crops for farmer 7d577d72-4704-48d1-a0f2-763c02f04533 (skip=0, limit=100)
2026-02-01 11:56:11,342 | [INFO] | smart_agri_logger | get_my_crops | Line 337 | Fetched 25 crops for farmer 7d577d72-4704-48d1-a0f2-763c02f04533 (skip=0, limit=100)
2026-02-01 11:56:16,357 | [INFO] | smart_agri_logger | get_my_crops | Line 337 | Fetched 25 crops for farmer 7d577d72-4704-48d1-a0f2-763c02f04533 (skip=0, limit=100)
2026-02-01 11:56:24,227 | [INFO] | smart_agri_logger | get_my_crops | Line 337 | Fetched 25 crops for farmer 7d577d72-4704-48d1-a0f2-763c02f04533 (skip=0, limit=100)
2026-02-01 11:56:28,718 | [INFO] | smart_agri_logger | get_my_crops | Line 337 | Fetched 25 crops for farmer 7d577d72-4704-48d1-a0f2-763c02f04533 (skip=0, limit=100)
2026-02-01 11:56:35,584 | [INFO] | smart_agri_logger | get_my_crops | Line 337 | Fetched 25 crops for farmer 7d577d72-4704-48d1-a0f2-763c02f04533 (skip=0, limit=100)
2026-02-01 11:56:37,332 | [INFO] | smart_agri_logger | get_my_crops | Line 337 | Fetched 25 crops for farmer 7d577d72-4704-48d1-a0f2-763c02f04533 (skip=0, limit=100)
2026-02-01 11:56:37,841 | [INFO] | smart_agri_logger | get_my_crops | Line 337 | Fetched 25 crops for farmer 7d577d72-4704-48d1-a0f2-763c02f04533 (skip=0, limit=100)
2026-02-01 11:56:40,477 | [INFO] | smart_agri_logger | get_my_crops | Line 337 | Fetched 25 crops for farmer 7d577d72-4704-48d1-a0f2-763c02f04533 (skip=0, limit=100)
2026-02-01 11:56:44,381 | [INFO] | smart_agri_logger | get_my_crops | Line 337 | Fetched 25 crops for farmer 7d577d72-4704-48d1-a0f2-763c02f04533 (skip=0, limit=100)
2026-02-01 11:57:08,094 | [INFO] | smart_agri_logger | get_my_crops | Line 337 | Fetched 25 crops for farmer 7d577d72-4704-48d1-a0f2-763c02f04533 (skip=0, limit=100)
2026-02-01 11:57:16,887 | [INFO] | smart_agri_logger | get_my_crops | Line 337 | Fetched 25 crops for farmer 7d577d72-4704-48d1-a0f2-763c02f04533 (skip=0, limit=100)
2026-02-01 11:57:20,817 | [INFO] | smart_agri_logger | get_my_crops | Line 337 | Fetched 25 crops for farmer 7d577d72-4704-48d1-a0f2-763c02f04533 (skip=0, limit=100)
2026-02-01 11:57:37,213 | [INFO] | smart_agri_logger | get_my_crops | Line 337 | Fetched 25 crops for farmer 7d577d72-4704-48d1-a0f2-763c02f04533 (skip=0, limit=100)
2026-02-01 11:57:39,370 | [INFO] | smart_agri_logger | get_my_crops | Line 337 | Fetched 25 crops for farmer 7d577d72-4704-48d1-a0f2-763c02f04533 (skip=0, limit=100)
2026-02-01 11:57:48,462 | [INFO] | smart_agri_logger | get_my_crops | Line 337 | Fetched 25 crops for farmer 7d577d72-4704-48d1-a0f2-763c02f04533 (skip=0, limit=100)
2026-02-01 11:57:51,158 | [INFO] | smart_agri_logger | get_my_crops | Line 337 | Fetched 25 crops for farmer 7d577d72-4704-48d1-a0f2-763c02f04533 (skip=0, limit=100)
2026-02-01 11:57:53,172 | [INFO] | smart_agri_logger | get_my_crops | Line 337 | Fetched 25 crops for farmer 7d577d72-4704-48d1-a0f2-763c02f04533 (skip=0, limit=100)
2026-02-01 11:57:56,638 | [INFO] | smart_agri_logger | get_my_crops | Line 337 | Fetched 25 crops for farmer 7d577d72-4704-48d1-a0f2-763c02f04533 (skip=0, limit=100)
2026-02-01 11:57:58,878 | [INFO] | smart_agri_logger | get_my_crops | Line 337 | Fetched 25 crops for farmer 7d577d72-4704-48d1-a0f2-763c02f04533 (skip=0, limit=100)
2026-02-01 11:58:07,896 | [INFO] | smart_agri_logger | get_my_crops | Line 337 | Fetched 25 crops for farmer 7d577d72-4704-48d1-a0f2-763c02f04533 (skip=0, limit=100)
2026-02-01 11:58:13,427 | [INFO] | smart_agri_logger | get_my_crops | Line 337 | Fetched 25 crops for farmer 7d577d72-4704-48d1-a0f2-763c02f04533 (skip=0, limit=100)
2026-02-01 11:58:14,364 | [INFO] | smart_agri_logger | get_my_crops | Line 337 | Fetched 25 crops for farmer 7d577d72-4704-48d1-a0f2-763c02f04533 (skip=0, limit=100)
2026-02-01 11:58:17,919 | [INFO] | smart_agri_logger | get_my_crops | Line 337 | Fetched 25 crops for farmer 7d577d72-4704-48d1-a0f2-763c02f04533 (skip=0, limit=100)
2026-02-01 11:58:19,215 | [INFO] | smart_agri_logger | get_my_crops | Line 337 | Fetched 25 crops for farmer 7d577d72-4704-48d1-a0f2-763c02f04533 (skip=0, limit=100)
2026-02-01 11:58:22,393 | [INFO] | smart_agri_logger | get_my_crops | Line 337 | Fetched 25 crops for farmer 7d577d72-4704-48d1-a0f2-763c02f04533 (skip=0, limit=100)
2026-02-01 11:58:32,863 | [INFO] | smart_agri_logger | get_my_crops | Line 337 | Fetched 25 crops for farmer 7d577d72-4704-48d1-a0f2-763c02f04533 (skip=0, limit=100)
2026-02-01 11:58:43,315 | [INFO] | smart_agri_logger | get_my_crops | Line 337 | Fetched 25 crops for farmer 7d577d72-4704-48d1-a0f2-763c02f04533 (skip=0, limit=100)
2026-02-01 11:59:14,331 | [INFO] | smart_agri_logger | get_my_crops | Line 337 | Fetched 25 crops for farmer 7d577d72-4704-48d1-a0f2-763c02f04533 (skip=0, limit=100)
2026-02-01 11:59:25,747 | [INFO] | smart_agri_logger | get_my_crops | Line 337 | Fetched 25 crops for farmer 7d577d72-4704-48d1-a0f2-763c02f04533 (skip=0, limit=100)
2026-02-01 11:59:26,997 | [INFO] | smart_agri_logger | get_my_crops | Line 337 | Fetched 25 crops for farmer 7d577d72-4704-48d1-a0f2-763c02f04533 (skip=0, limit=100)
2026-02-01 11:59:36,117 | [INFO] | smart_agri_logger | get_my_crops | Line 337 | Fetched 25 crops for farmer 7d577d72-4704-48d1-a0f2-763c02f04533 (skip=0, limit=100)
2026-02-01 11:59:51,525 | [INFO] | smart_agri_logger | get_my_crops | Line 337 | Fetched 25 crops for farmer 7d577d72-4704-48d1-a0f2-763c02f04533 (skip=0, limit=100)
2026-02-01 11:59:53,475 | [INFO] | smart_agri_logger | get_my_crops | Line 337 | Fetched 25 crops for farmer 7d577d72-4704-48d1-a0f2-763c02f04533 (skip=0, limit=100)
2026-02-01 12:00:06,612 | [INFO] | smart_agri_logger | get_my_crops | Line 337 | Fetched 25 crops for farmer 7d577d72-4704-48d1-a0f2-763c02f04533 (skip=0, limit=100)
2026-02-01 12:00:08,544 | [INFO] | smart_agri_logger | get_my_crops | Line 337 | Fetched 25 crops for farmer 7d577d72-4704-48d1-a0f2-763c02f04533 (skip=0, limit=100)
2026-02-01 12:00:12,708 | [INFO] | smart_agri_logger | get_my_crops | Line 337 | Fetched 25 crops for farmer 7d577d72-4704-48d1-a0f2-763c02f04533 (skip=0, limit=100)
2026-02-01 12:00:16,436 | [INFO] | smart_agri_logger | get_my_crops | Line 337 | Fetched 25 crops for farmer 7d577d72-4704-48d1-a0f2-763c02f04533 (skip=0, limit=100)
2026-02-01 12:00:18,530 | [INFO] | smart_agri_logger | get_my_crops | Line 337 | Fetched 25 crops for farmer 7d577d72-4704-48d1-a0f2-763c02f04533 (skip=0, limit=100)
2026-02-01 12:00:22,313 | [INFO] | smart_agri_logger | get_my_crops | Line 337 | Fetched 25 crops for farmer 7d577d72-4704-48d1-a0f2-763c02f04533 (skip=0, limit=100)
2026-02-01 12:00:36,619 | [INFO] | smart_agri_logger | get_my_crops | Line 337 | Fetched 25 crops for farmer 7d577d72-4704-48d1-a0f2-763c02f04533 (skip=0, limit=100)
2026-02-01 12:00:39,672 | [INFO] | smart_agri_logger | get_my_crops | Line 337 | Fetched 25 crops for farmer 7d577d72-4704-48d1-a0f2-763c02f04533 (skip=0, limit=100)
2026-02-01 12:00:44,008 | [INFO] | smart_agri_logger | get_my_crops | Line 337 | Fetched 25 crops for farmer 7d577d72-4704-48d1-a0f2-763c02f04533 (skip=0, limit=100)
2026-02-01 12:00:51,750 | [INFO] | smart_agri_logger | get_my_crops | Line 337 | Fetched 25 crops for farmer 7d577d72-4704-48d1-a0f2-763c02f04533 (skip=0, limit=100)
2026-02-01 12:01:12,006 | [INFO] | smart_agri_logger | get_my_crops | Line 337 | Fetched 25 crops for farmer 7d577d72-4704-48d1-a0f2-763c02f04533 (skip=0, limit=100)
2026-02-01 12:01:14,980 | [INFO] | smart_agri_logger | get_my_crops | Line 337 | Fetched 25 crops for farmer 7d577d72-4704-48d1-a0f2-763c02f04533 (skip=0, limit=100)
2026-02-01 12:01:16,731 | [INFO] | smart_agri_logger | get_my_crops | Line 337 | Fetched 25 crops for farmer 7d577d72-4704-48d1-a0f2-763c02f04533 (skip=0, limit=100)
2026-02-01 12:01:18,003 | [INFO] | smart_agri_logger | get_my_crops | Line 337 | Fetched 25 crops for farmer 7d577d72-4704-48d1-a0f2-763c02f04533 (skip=0, limit=100)
2026-02-01 12:01:21,199 | [INFO] | smart_agri_logger | get_my_crops | Line 337 | Fetched 25 crops for farmer 7d577d72-4704-48d1-a0f2-763c02f04533 (skip=0, limit=100)
2026-02-01 12:01:32,980 | [INFO] | smart_agri_logger | get_my_crops | Line 337 | Fetched 25 crops for farmer 7d577d72-4704-48d1-a0f2-763c02f04533 (skip=0, limit=100)
2026-02-01 12:01:41,272 | [INFO] | smart_agri_logger | get_my_crops | Line 337 | Fetched 25 crops for farmer 7d577d72-4704-48d1-a0f2-763c02f04533 (skip=0, limit=100)
2026-02-01 12:01:49,899 | [INFO] | smart_agri_logger | get_my_crops | Line 337 | Fetched 25 crops for farmer 7d577d72-4704-48d1-a0f2-763c02f04533 (skip=0, limit=100)
2026-02-01 12:01:55,797 | [INFO] | smart_agri_logger | get_my_crops | Line 337 | Fetched 25 crops for farmer 7d577d72-4704-48d1-a0f2-763c02f04533 (skip=0, limit=100)
2026-02-01 12:02:21,764 | [INFO] | smart_agri_logger | get_my_crops | Line 337 | Fetched 25 crops for farmer 7d577d72-4704-48d1-a0f2-763c02f04533 (skip=0, limit=100)
2026-02-01 12:02:34,443 | [INFO] | smart_agri_logger | get_my_crops | Line 337 | Fetched 25 crops for farmer 7d577d72-4704-48d1-a0f2-763c02f04533 (skip=0, limit=100)
2026-02-01 12:02:35,930 | [INFO] | smart_agri_logger | get_my_crops | Line 337 | Fetched 25 crops for farmer 7d577d72-4704-48d1-a0f2-763c02f04533 (skip=0, limit=100)
2026-02-01 12:03:14,499 | [INFO] | smart_agri_logger | get_my_crops | Line 337 | Fetched 25 crops for farmer 7d577d72-4704-48d1-a0f2-763c02f04533 (skip=0, limit=100)
2026-02-01 12:03:41,808 | [INFO] | smart_agri_logger | get_my_crops | Line 337 | Fetched 25 crops for farmer 7d577d72-4704-48d1-a0f2-763c02f04533 (skip=0, limit=100)
2026-02-01 12:04:01,242 | [INFO] | smart_agri_logger | get_my_crops | Line 337 | Fetched 25 crops for farmer 7d577d72-4704-48d1-a0f2-763c02f04533 (skip=0, limit=100)
2026-02-01 12:04:40,797 | [INFO] | smart_agri_logger | get_my_crops | Line 337 | Fetched 25 crops for farmer 7d577d72-4704-48d1-a0f2-763c02f04533 (skip=0, limit=100)
2026-02-01 12:05:08,548 | [INFO] | smart_agri_logger | get_my_crops | Line 337 | Fetched 25 crops for farmer 7d577d72-4704-48d1-a0f2-763c02f04533 (skip=0, limit=100)
2026-02-01 12:05:32,325 | [INFO] | smart_agri_logger | get_my_crops | Line 337 | Fetched 25 crops for farmer 7d577d72-4704-48d1-a0f2-763c02f04533 (skip=0, limit=100)
2026-02-01 12:06:37,320 | [INFO] | smart_agri_logger | get_my_crops | Line 337 | Fetched 25 crops for farmer 7d577d72-4704-48d1-a0f2-763c02f04533 (skip=0, limit=100)
2026-02-01 12:06:47,409 | [INFO] | smart_agri_logger | get_my_crops | Line 337 | Fetched 25 crops for farmer 7d577d72-4704-48d1-a0f2-763c02f04533 (skip=0, limit=100)
2026-02-01 12:09:07,141 | [INFO] | smart_agri_logger | get_my_crops | Line 337 | Fetched 25 crops for farmer 7d577d72-4704-48d1-a0f2-763c02f04533 (skip=0, limit=100)
2026-02-01 12:38:02,584 | [INFO] | smart_agri_logger | get_my_crops | Line 337 | Fetched 25 crops for farmer 7d577d72-4704-48d1-a0f2-763c02f04533 (skip=0, limit=100)
2026-02-01 12:40:17,878 | [INFO] | smart_agri_logger | get_my_crops | Line 337 | Fetched 25 crops for farmer 7d577d72-4704-48d1-a0f2-763c02f04533 (skip=0, limit=100)
2026-02-01 12:41:06,656 | [INFO] | smart_agri_logger | get_my_crops | Line 337 | Fetched 25 crops for farmer 7d577d72-4704-48d1-a0f2-763c02f04533 (skip=0, limit=100)
2026-02-01 12:41:31,251 | [INFO] | smart_agri_logger | get_my_crops | Line 337 | Fetched 25 crops for farmer 7d577d72-4704-48d1-a0f2-763c02f04533 (skip=0, limit=100)
2026-02-01 12:41:46,307 | [INFO] | smart_agri_logger | get_my_crops | Line 337 | Fetched 25 crops for farmer 7d577d72-4704-48d1-a0f2-763c02f04533 (skip=0, limit=100)
2026-02-01 12:43:10,740 | [INFO] | smart_agri_logger | get_my_crops | Line 337 | Fetched 25 crops for farmer 7d577d72-4704-48d1-a0f2-763c02f04533 (skip=0, limit=100)
2026-02-01 13:09:50,647 | [INFO] | smart_agri_logger | get_my_crops | Line 337 | Fetched 25 crops for farmer 7d577d72-4704-48d1-a0f2-763c02f04533 (skip=0, limit=100)
2026-02-01 13:11:02,433 | [INFO] | smart_agri_logger | get_my_crops | Line 337 | Fetched 25 crops for farmer 7d577d72-4704-48d1-a0f2-763c02f04533 (skip=0, limit=100)
2026-02-01 13:13:28,071 | [INFO] | smart_agri_logger | get_all_crops | Line 232 | Fetched 26 crops (skip=0, limit=100)
2026-02-01 13:13:38,480 | [INFO] | smart_agri_logger | get_all_crops | Line 232 | Fetched 26 crops (skip=0, limit=100)
2026-02-01 13:13:45,890 | [INFO] | smart_agri_logger | get_all_crops | Line 232 | Fetched 26 crops (skip=0, limit=100)
2026-02-01 13:15:34,453 | [INFO] | smart_agri_logger | get_all_crops | Line 232 | Fetched 26 crops (skip=0, limit=100)
2026-02-01 13:15:37,504 | [INFO] | smart_agri_logger | get_all_crops | Line 232 | Fetched 26 crops (skip=0, limit=100)
2026-02-01 13:18:36,228 | [INFO] | smart_agri_logger | get_all_crops | Line 232 | Fetched 26 crops (skip=0, limit=100)
2026-02-01 13:18:49,068 | [INFO] | smart_agri_logger | get_my_crops | Line 337 | Fetched 25 crops for farmer 7d577d72-4704-48d1-a0f2-763c02f04533 (skip=0, limit=100)
2026-02-01 13:19:27,977 | [INFO] | smart_agri_logger | get_my_crops | Line 337 | Fetched 25 crops for farmer 7d577d72-4704-48d1-a0f2-763c02f04533 (skip=0, limit=100)
2026-02-01 13:19:28,757 | [INFO] | smart_agri_logger | get_my_crops | Line 337 | Fetched 25 crops for farmer 7d577d72-4704-48d1-a0f2-763c02f04533 (skip=0, limit=100)
2026-02-01 13:20:46,862 | [INFO] | smart_agri_logger | get_my_crops | Line 337 | Fetched 25 crops for farmer 7d577d72-4704-48d1-a0f2-763c02f04533 (skip=0, limit=100)
2026-02-01 13:21:11,373 | [INFO] | smart_agri_logger | get_my_crops | Line 337 | Fetched 25 crops for farmer 7d577d72-4704-48d1-a0f2-763c02f04533 (skip=0, limit=100)
2026-02-01 13:22:29,120 | [INFO] | smart_agri_logger | get_my_crops | Line 337 | Fetched 25 crops for farmer 7d577d72-4704-48d1-a0f2-763c02f04533 (skip=0, limit=100)
2026-02-01 13:22:34,616 | [INFO] | smart_agri_logger | get_my_crops | Line 337 | Fetched 25 crops for farmer 7d577d72-4704-48d1-a0f2-763c02f04533 (skip=0, limit=100)
2026-02-01 13:23:40,314 | [INFO] | smart_agri_logger | get_my_crops | Line 337 | Fetched 25 crops for farmer 7d577d72-4704-48d1-a0f2-763c02f04533 (skip=0, limit=100)
2026-02-01 13:23:41,753 | [INFO] | smart_agri_logger | get_my_crops | Line 337 | Fetched 25 crops for farmer 7d577d72-4704-48d1-a0f2-763c02f04533 (skip=0, limit=100)
2026-02-01 13:29:27,541 | [INFO] | smart_agri_logger | get_my_crops | Line 337 | Fetched 25 crops for farmer 7d577d72-4704-48d1-a0f2-763c02f04533 (skip=0, limit=100)
2026-02-01 13:30:15,622 | [INFO] | smart_agri_logger | get_all_crops | Line 232 | Fetched 26 crops (skip=0, limit=100)
2026-02-01 13:30:31,487 | [INFO] | smart_agri_logger | get_my_crops | Line 337 | Fetched 25 crops for farmer 7d577d72-4704-48d1-a0f2-763c02f04533 (skip=0, limit=100)
2026-02-01 13:30:32,488 | [INFO] | smart_agri_logger | get_all_crops | Line 232 | Fetched 26 crops (skip=0, limit=100)
2026-02-01 13:30:36,313 | [INFO] | smart_agri_logger | get_all_crops | Line 232 | Fetched 26 crops (skip=0, limit=100)
2026-02-01 13:31:25,493 | [INFO] | smart_agri_logger | get_all_crops | Line 232 | Fetched 26 crops (skip=0, limit=100)
2026-02-01 13:31:26,633 | [INFO] | smart_agri_logger | get_all_crops | Line 232 | Fetched 26 crops (skip=0, limit=100)
2026-02-01 13:31:32,711 | [INFO] | smart_agri_logger | get_all_crops | Line 232 | Fetched 26 crops (skip=0, limit=100)
2026-02-01 13:31:36,844 | [INFO] | smart_agri_logger | get_all_crops | Line 232 | Fetched 26 crops (skip=0, limit=100)
2026-02-01 13:31:39,411 | [INFO] | smart_agri_logger | get_all_crops | Line 232 | Fetched 26 crops (skip=0, limit=100)
2026-02-01 13:31:44,956 | [INFO] | smart_agri_logger | get_all_crops | Line 232 | Fetched 26 crops (skip=0, limit=100)
2026-02-01 13:31:48,390 | [INFO] | smart_agri_logger | get_all_crops | Line 232 | Fetched 26 crops (skip=0, limit=100)
2026-02-01 13:32:05,431 | [INFO] | smart_agri_logger | get_all_crops | Line 232 | Fetched 26 crops (skip=0, limit=100)
2026-02-01 13:32:08,667 | [INFO] | smart_agri_logger | get_all_crops | Line 232 | Fetched 26 crops (skip=0, limit=100)
2026-02-01 13:40:06,716 | [INFO] | smart_agri_logger | get_all_crops | Line 232 | Fetched 26 crops (skip=0, limit=100)
2026-02-01 13:40:21,615 | [INFO] | smart_agri_logger | get_all_crops | Line 232 | Fetched 26 crops (skip=0, limit=100)
2026-02-01 13:40:24,321 | [INFO] | smart_agri_logger | get_all_crops | Line 232 | Fetched 26 crops (skip=0, limit=100)
2026-02-01 13:41:29,768 | [INFO] | smart_agri_logger | get_all_crops | Line 232 | Fetched 26 crops (skip=0, limit=100)
2026-02-01 13:41:47,125 | [INFO] | smart_agri_logger | get_my_crops | Line 337 | Fetched 25 crops for farmer 7d577d72-4704-48d1-a0f2-763c02f04533 (skip=0, limit=100)
2026-02-01 13:42:03,553 | [INFO] | smart_agri_logger | get_my_crops | Line 337 | Fetched 25 crops for farmer 7d577d72-4704-48d1-a0f2-763c02f04533 (skip=0, limit=100)
2026-02-01 13:43:05,125 | [INFO] | smart_agri_logger | get_my_crops | Line 337 | Fetched 25 crops for farmer 7d577d72-4704-48d1-a0f2-763c02f04533 (skip=0, limit=100)
2026-02-01 13:43:29,586 | [INFO] | smart_agri_logger | get_my_crops | Line 337 | Fetched 25 crops for farmer 7d577d72-4704-48d1-a0f2-763c02f04533 (skip=0, limit=100)
2026-02-01 13:53:45,557 | [INFO] | smart_agri_logger | get_all_crops | Line 232 | Fetched 26 crops (skip=0, limit=100)
2026-02-01 13:53:45,701 | [INFO] | smart_agri_logger | get_all_crops | Line 232 | Fetched 26 crops (skip=0, limit=100)
2026-02-01 13:54:14,098 | [INFO] | smart_agri_logger | get_all_crops | Line 232 | Fetched 26 crops (skip=0, limit=100)
2026-02-01 13:54:14,298 | [INFO] | smart_agri_logger | get_all_crops | Line 232 | Fetched 26 crops (skip=0, limit=100)
2026-02-01 13:54:55,495 | [INFO] | smart_agri_logger | get_all_crops | Line 232 | Fetched 26 crops (skip=0, limit=100)
2026-02-01 13:55:46,850 | [INFO] | smart_agri_logger | get_all_crops | Line 232 | Fetched 26 crops (skip=0, limit=100)
2026-02-01 13:55:48,885 | [INFO] | smart_agri_logger | get_all_crops | Line 232 | Fetched 26 crops (skip=0, limit=100)
2026-02-01 13:56:29,964 | [INFO] | smart_agri_logger | get_all_crops | Line 232 | Fetched 26 crops (skip=0, limit=100)
2026-02-01 13:57:45,912 | [INFO] | smart_agri_logger | get_all_crops | Line 232 | Fetched 26 crops (skip=0, limit=100)
2026-02-01 13:57:56,473 | [INFO] | smart_agri_logger | get_all_crops | Line 232 | Fetched 26 crops (skip=0, limit=100)
2026-02-01 13:58:10,888 | [INFO] | smart_agri_logger | get_all_crops | Line 232 | Fetched 26 crops (skip=0, limit=100)
2026-02-01 13:58:23,628 | [INFO] | smart_agri_logger | get_all_crops | Line 232 | Fetched 26 crops (skip=0, limit=100)
2026-02-01 13:58:57,883 | [INFO] | smart_agri_logger | get_all_crops | Line 232 | Fetched 26 crops (skip=0, limit=100)
2026-02-01 14:00:27,649 | [INFO] | smart_agri_logger | get_all_crops | Line 232 | Fetched 26 crops (skip=0, limit=100)
2026-02-01 14:00:30,607 | [INFO] | smart_agri_logger | get_all_crops | Line 232 | Fetched 26 crops (skip=0, limit=100)
2026-02-01 14:00:38,023 | [INFO] | smart_agri_logger | get_all_crops | Line 232 | Fetched 26 crops (skip=0, limit=100)
2026-02-01 14:01:46,391 | [INFO] | smart_agri_logger | get_all_crops | Line 232 | Fetched 26 crops (skip=0, limit=100)
2026-02-01 14:01:51,787 | [INFO] | smart_agri_logger | get_all_crops | Line 232 | Fetched 26 crops (skip=0, limit=100)
2026-02-01 14:02:09,613 | [INFO] | smart_agri_logger | get_all_crops | Line 232 | Fetched 26 crops (skip=0, limit=100)
2026-02-01 14:04:31,803 | [INFO] | smart_agri_logger | get_my_crops | Line 337 | Fetched 25 crops for farmer 7d577d72-4704-48d1-a0f2-763c02f04533 (skip=0, limit=100)
2026-02-01 14:05:55,332 | [INFO] | smart_agri_logger | get_my_crops | Line 337 | Fetched 25 crops for farmer 7d577d72-4704-48d1-a0f2-763c02f04533 (skip=0, limit=100)
2026-02-01 14:06:16,640 | [INFO] | smart_agri_logger | get_my_crops | Line 337 | Fetched 25 crops for farmer 7d577d72-4704-48d1-a0f2-763c02f04533 (skip=0, limit=100)
2026-02-01 14:06:50,231 | [INFO] | smart_agri_logger | get_my_crops | Line 337 | Fetched 25 crops for farmer 7d577d72-4704-48d1-a0f2-763c02f04533 (skip=0, limit=100)
2026-02-01 14:07:40,190 | [INFO] | smart_agri_logger | get_my_crops | Line 337 | Fetched 25 crops for farmer 7d577d72-4704-48d1-a0f2-763c02f04533 (skip=0, limit=100)
2026-02-01 14:27:20,439 | [INFO] | smart_agri_logger | get_my_crops | Line 337 | Fetched 25 crops for farmer 7d577d72-4704-48d1-a0f2-763c02f04533 (skip=0, limit=100)
2026-02-01 17:02:42,693 | [INFO] | smart_agri_logger | get_all_crops | Line 232 | Fetched 26 crops (skip=0, limit=100)
2026-02-01 17:03:04,765 | [INFO] | smart_agri_logger | get_my_crops | Line 337 | Fetched 25 crops for farmer 7d577d72-4704-48d1-a0f2-763c02f04533 (skip=0, limit=100)
2026-02-01 17:03:36,250 | [INFO] | smart_agri_logger | get_my_crops | Line 337 | Fetched 25 crops for farmer 7d577d72-4704-48d1-a0f2-763c02f04533 (skip=0, limit=100)
2026-02-01 17:03:43,620 | [INFO] | smart_agri_logger | get_my_crops | Line 337 | Fetched 25 crops for farmer 7d577d72-4704-48d1-a0f2-763c02f04533 (skip=0, limit=100)
2026-02-01 17:03:54,600 | [INFO] | smart_agri_logger | get_my_crops | Line 337 | Fetched 25 crops for farmer 7d577d72-4704-48d1-a0f2-763c02f04533 (skip=0, limit=100)
2026-02-01 17:04:22,313 | [INFO] | smart_agri_logger | get_my_crops | Line 337 | Fetched 25 crops for farmer 7d577d72-4704-48d1-a0f2-763c02f04533 (skip=0, limit=100)
2026-02-01 17:04:53,940 | [INFO] | smart_agri_logger | get_my_crops | Line 337 | Fetched 25 crops for farmer 7d577d72-4704-48d1-a0f2-763c02f04533 (skip=0, limit=100)
2026-02-01 17:05:00,004 | [INFO] | smart_agri_logger | get_my_crops | Line 337 | Fetched 25 crops for farmer 7d577d72-4704-48d1-a0f2-763c02f04533 (skip=0, limit=100)
2026-02-01 17:05:00,572 | [INFO] | smart_agri_logger | get_my_crops | Line 337 | Fetched 25 crops for farmer 7d577d72-4704-48d1-a0f2-763c02f04533 (skip=0, limit=100)
2026-02-01 17:05:20,706 | [INFO] | smart_agri_logger | get_my_crops | Line 337 | Fetched 25 crops for farmer 7d577d72-4704-48d1-a0f2-763c02f04533 (skip=0, limit=100)
2026-02-01 17:05:21,714 | [INFO] | smart_agri_logger | get_my_crops | Line 337 | Fetched 25 crops for farmer 7d577d72-4704-48d1-a0f2-763c02f04533 (skip=0, limit=100)
2026-02-01 17:05:41,291 | [INFO] | smart_agri_logger | get_my_crops | Line 337 | Fetched 25 crops for farmer 7d577d72-4704-48d1-a0f2-763c02f04533 (skip=0, limit=100)
2026-02-01 17:06:34,950 | [INFO] | smart_agri_logger | get_my_crops | Line 337 | Fetched 25 crops for farmer 7d577d72-4704-48d1-a0f2-763c02f04533 (skip=0, limit=100)
2026-02-01 17:06:34,997 | [INFO] | smart_agri_logger | get_my_crops | Line 337 | Fetched 25 crops for farmer 7d577d72-4704-48d1-a0f2-763c02f04533 (skip=0, limit=100)
2026-02-01 17:09:01,747 | [INFO] | smart_agri_logger | get_my_crops | Line 337 | Fetched 25 crops for farmer 7d577d72-4704-48d1-a0f2-763c02f04533 (skip=0, limit=100)
2026-02-01 17:15:26,751 | [INFO] | smart_agri_logger | get_my_crops | Line 337 | Fetched 25 crops for farmer 7d577d72-4704-48d1-a0f2-763c02f04533 (skip=0, limit=100)
2026-02-01 17:16:50,068 | [INFO] | smart_agri_logger | get_all_crops | Line 232 | Fetched 26 crops (skip=0, limit=100)
2026-02-01 17:16:57,561 | [INFO] | smart_agri_logger | get_my_crops | Line 337 | Fetched 25 crops for farmer 7d577d72-4704-48d1-a0f2-763c02f04533 (skip=0, limit=100)
2026-02-01 17:17:18,618 | [INFO] | smart_agri_logger | get_my_crops | Line 337 | Fetched 25 crops for farmer 7d577d72-4704-48d1-a0f2-763c02f04533 (skip=0, limit=100)
2026-02-01 17:17:26,243 | [INFO] | smart_agri_logger | get_my_crops | Line 337 | Fetched 25 crops for farmer 7d577d72-4704-48d1-a0f2-763c02f04533 (skip=0, limit=100)
2026-02-01 17:17:33,947 | [INFO] | smart_agri_logger | get_my_crops | Line 337 | Fetched 25 crops for farmer 7d577d72-4704-48d1-a0f2-763c02f04533 (skip=0, limit=100)
2026-02-01 17:17:48,829 | [INFO] | smart_agri_logger | get_my_crops | Line 337 | Fetched 25 crops for farmer 7d577d72-4704-48d1-a0f2-763c02f04533 (skip=0, limit=100)
2026-02-01 17:18:55,745 | [INFO] | smart_agri_logger | get_my_crops | Line 337 | Fetched 25 crops for farmer 7d577d72-4704-48d1-a0f2-763c02f04533 (skip=0, limit=100)
2026-02-01 17:18:55,786 | [INFO] | smart_agri_logger | get_my_crops | Line 337 | Fetched 25 crops for farmer 7d577d72-4704-48d1-a0f2-763c02f04533 (skip=0, limit=100)
2026-02-01 17:18:55,808 | [INFO] | smart_agri_logger | get_my_crops | Line 337 | Fetched 25 crops for farmer 7d577d72-4704-48d1-a0f2-763c02f04533 (skip=0, limit=100)
2026-02-01 17:18:55,933 | [INFO] | smart_agri_logger | get_my_crops | Line 337 | Fetched 25 crops for farmer 7d577d72-4704-48d1-a0f2-763c02f04533 (skip=0, limit=100)
2026-02-01 17:18:55,950 | [INFO] | smart_agri_logger | get_my_crops | Line 337 | Fetched 25 crops for farmer 7d577d72-4704-48d1-a0f2-763c02f04533 (skip=0, limit=100)
2026-02-01 17:22:30,742 | [INFO] | smart_agri_logger | get_all_crops | Line 232 | Fetched 26 crops (skip=0, limit=100)
2026-02-01 17:22:35,670 | [INFO] | smart_agri_logger | get_all_crops | Line 232 | Fetched 26 crops (skip=0, limit=100)
2026-02-01 17:22:39,722 | [INFO] | smart_agri_logger | get_all_crops | Line 232 | Fetched 26 crops (skip=0, limit=100)
2026-02-01 17:23:14,860 | [INFO] | smart_agri_logger | get_all_crops | Line 232 | Fetched 26 crops (skip=0, limit=100)
2026-02-01 17:23:18,152 | [INFO] | smart_agri_logger | get_all_crops | Line 232 | Fetched 26 crops (skip=0, limit=100)
2026-02-01 17:24:47,578 | [INFO] | smart_agri_logger | get_all_crops | Line 232 | Fetched 26 crops (skip=0, limit=100)
2026-02-01 17:24:53,426 | [INFO] | smart_agri_logger | get_all_crops | Line 232 | Fetched 26 crops (skip=0, limit=100)
2026-02-01 17:25:09,020 | [INFO] | smart_agri_logger | get_all_crops | Line 232 | Fetched 26 crops (skip=0, limit=100)
2026-02-01 17:25:12,639 | [INFO] | smart_agri_logger | get_all_crops | Line 232 | Fetched 26 crops (skip=0, limit=100)
2026-02-01 17:25:26,010 | [INFO] | smart_agri_logger | get_all_crops | Line 232 | Fetched 26 crops (skip=0, limit=100)
2026-02-01 17:26:36,351 | [INFO] | smart_agri_logger | get_all_crops | Line 232 | Fetched 26 crops (skip=0, limit=100)
2026-02-01 17:26:36,616 | [INFO] | smart_agri_logger | get_all_crops | Line 232 | Fetched 26 crops (skip=0, limit=100)
2026-02-01 17:26:37,177 | [INFO] | smart_agri_logger | get_all_crops | Line 232 | Fetched 26 crops (skip=0, limit=100)
2026-02-01 17:26:38,984 | [INFO] | smart_agri_logger | get_all_crops | Line 232 | Fetched 26 crops (skip=0, limit=100)
2026-02-01 17:27:01,592 | [INFO] | smart_agri_logger | get_all_crops | Line 232 | Fetched 26 crops (skip=0, limit=100)
2026-02-01 17:27:52,590 | [INFO] | smart_agri_logger | get_all_crops | Line 232 | Fetched 26 crops (skip=0, limit=100)
2026-02-01 17:27:59,221 | [INFO] | smart_agri_logger | get_all_crops | Line 232 | Fetched 26 crops (skip=0, limit=100)
2026-02-01 17:28:30,696 | [INFO] | smart_agri_logger | get_all_crops | Line 232 | Fetched 26 crops (skip=0, limit=100)
2026-02-01 17:29:11,518 | [INFO] | smart_agri_logger | get_all_crops | Line 232 | Fetched 26 crops (skip=0, limit=100)
2026-02-01 17:29:21,124 | [INFO] | smart_agri_logger | get_all_crops | Line 232 | Fetched 26 crops (skip=0, limit=100)
2026-02-01 17:29:48,464 | [INFO] | smart_agri_logger | get_all_crops | Line 232 | Fetched 26 crops (skip=0, limit=100)
2026-02-01 17:30:14,581 | [INFO] | smart_agri_logger | get_all_crops | Line 232 | Fetched 26 crops (skip=0, limit=100)
2026-02-01 17:30:23,217 | [INFO] | smart_agri_logger | get_all_crops | Line 232 | Fetched 26 crops (skip=0, limit=100)
2026-02-01 17:30:44,755 | [INFO] | smart_agri_logger | get_all_crops | Line 232 | Fetched 26 crops (skip=0, limit=100)
2026-02-01 17:33:10,969 | [INFO] | smart_agri_logger | get_all_crops | Line 232 | Fetched 26 crops (skip=0, limit=100)
2026-02-01 17:34:00,035 | [INFO] | smart_agri_logger | get_all_crops | Line 232 | Fetched 26 crops (skip=0, limit=100)
2026-02-01 17:34:10,571 | [INFO] | smart_agri_logger | get_my_crops | Line 337 | Fetched 25 crops for farmer 7d577d72-4704-48d1-a0f2-763c02f04533 (skip=0, limit=100)
2026-02-01 17:34:52,576 | [INFO] | smart_agri_logger | get_my_crops | Line 337 | Fetched 25 crops for farmer 7d577d72-4704-48d1-a0f2-763c02f04533 (skip=0, limit=100)
2026-02-01 17:35:29,326 | [INFO] | smart_agri_logger | get_my_crops | Line 337 | Fetched 25 crops for farmer 7d577d72-4704-48d1-a0f2-763c02f04533 (skip=0, limit=100)
2026-02-01 17:35:34,171 | [INFO] | smart_agri_logger | get_my_crops | Line 337 | Fetched 25 crops for farmer 7d577d72-4704-48d1-a0f2-763c02f04533 (skip=0, limit=100)
2026-02-01 17:35:36,468 | [INFO] | smart_agri_logger | get_my_crops | Line 337 | Fetched 25 crops for farmer 7d577d72-4704-48d1-a0f2-763c02f04533 (skip=0, limit=100)
2026-02-01 17:35:38,247 | [INFO] | smart_agri_logger | get_my_crops | Line 337 | Fetched 25 crops for farmer 7d577d72-4704-48d1-a0f2-763c02f04533 (skip=0, limit=100)
2026-02-01 17:35:40,619 | [INFO] | smart_agri_logger | get_my_crops | Line 337 | Fetched 25 crops for farmer 7d577d72-4704-48d1-a0f2-763c02f04533 (skip=0, limit=100)
2026-02-01 17:35:43,363 | [INFO] | smart_agri_logger | get_my_crops | Line 337 | Fetched 25 crops for farmer 7d577d72-4704-48d1-a0f2-763c02f04533 (skip=0, limit=100)
2026-02-01 17:35:45,293 | [INFO] | smart_agri_logger | get_my_crops | Line 337 | Fetched 25 crops for farmer 7d577d72-4704-48d1-a0f2-763c02f04533 (skip=0, limit=100)
2026-02-01 17:35:52,001 | [INFO] | smart_agri_logger | get_my_crops | Line 337 | Fetched 25 crops for farmer 7d577d72-4704-48d1-a0f2-763c02f04533 (skip=0, limit=100)
2026-02-01 17:35:59,731 | [INFO] | smart_agri_logger | get_my_crops | Line 337 | Fetched 25 crops for farmer 7d577d72-4704-48d1-a0f2-763c02f04533 (skip=0, limit=100)
2026-02-01 17:36:01,022 | [INFO] | smart_agri_logger | get_my_crops | Line 337 | Fetched 25 crops for farmer 7d577d72-4704-48d1-a0f2-763c02f04533 (skip=0, limit=100)
2026-02-01 17:36:05,202 | [INFO] | smart_agri_logger | get_my_crops | Line 337 | Fetched 25 crops for farmer 7d577d72-4704-48d1-a0f2-763c02f04533 (skip=0, limit=100)
2026-02-01 17:36:06,976 | [INFO] | smart_agri_logger | get_my_crops | Line 337 | Fetched 25 crops for farmer 7d577d72-4704-48d1-a0f2-763c02f04533 (skip=0, limit=100)
2026-02-01 17:36:14,296 | [INFO] | smart_agri_logger | get_my_crops | Line 337 | Fetched 25 crops for farmer 7d577d72-4704-48d1-a0f2-763c02f04533 (skip=0, limit=100)
2026-02-01 17:36:17,676 | [INFO] | smart_agri_logger | get_my_crops | Line 337 | Fetched 25 crops for farmer 7d577d72-4704-48d1-a0f2-763c02f04533 (skip=0, limit=100)
2026-02-01 17:36:19,759 | [INFO] | smart_agri_logger | get_my_crops | Line 337 | Fetched 25 crops for farmer 7d577d72-4704-48d1-a0f2-763c02f04533 (skip=0, limit=100)
2026-02-01 17:36:30,957 | [INFO] | smart_agri_logger | get_my_crops | Line 337 | Fetched 25 crops for farmer 7d577d72-4704-48d1-a0f2-763c02f04533 (skip=0, limit=100)
2026-02-01 17:37:01,010 | [INFO] | smart_agri_logger | get_all_crops | Line 232 | Fetched 26 crops (skip=0, limit=100)
2026-02-01 17:37:22,986 | [DEBUG] | smart_agri_logger | get_crops_by_category | Line 373 | Categories - VEGETABLES
2026-02-01 17:37:25,906 | [INFO] | smart_agri_logger | get_all_crops | Line 232 | Fetched 26 crops (skip=0, limit=100)
2026-02-01 17:39:29,707 | [INFO] | smart_agri_logger | get_all_crops | Line 232 | Fetched 26 crops (skip=0, limit=100)
2026-02-01 17:40:19,119 | [INFO] | smart_agri_logger | get_all_crops | Line 232 | Fetched 26 crops (skip=0, limit=100)
2026-02-01 17:40:22,759 | [INFO] | smart_agri_logger | get_all_crops | Line 232 | Fetched 26 crops (skip=0, limit=100)
2026-02-01 17:41:18,905 | [INFO] | smart_agri_logger | get_all_crops | Line 232 | Fetched 26 crops (skip=0, limit=100)
2026-02-01 17:41:46,535 | [INFO] | smart_agri_logger | get_all_crops | Line 232 | Fetched 26 crops (skip=0, limit=100)
2026-02-01 17:42:48,982 | [INFO] | smart_agri_logger | get_all_crops | Line 232 | Fetched 26 crops (skip=0, limit=100)
2026-02-01 17:43:03,225 | [INFO] | smart_agri_logger | get_my_crops | Line 337 | Fetched 25 crops for farmer 7d577d72-4704-48d1-a0f2-763c02f04533 (skip=0, limit=100)
2026-02-01 17:52:08,914 | [INFO] | smart_agri_logger | get_all_crops | Line 232 | Fetched 26 crops (skip=0, limit=100)
2026-02-01 18:55:38,098 | [INFO] | smart_agri_logger | get_all_crops | Line 232 | Fetched 26 crops (skip=0, limit=100)
2026-02-01 18:55:38,272 | [INFO] | smart_agri_logger | get_all_crops | Line 232 | Fetched 26 crops (skip=0, limit=100)
2026-02-01 18:55:38,352 | [INFO] | smart_agri_logger | get_all_crops | Line 232 | Fetched 26 crops (skip=0, limit=100)
2026-02-01 18:55:38,772 | [INFO] | smart_agri_logger | get_all_crops | Line 232 | Fetched 26 crops (skip=0, limit=100)
2026-02-01 18:55:43,716 | [INFO] | smart_agri_logger | get_all_crops | Line 232 | Fetched 26 crops (skip=0, limit=100)
2026-02-01 18:55:51,612 | [INFO] | smart_agri_logger | get_all_crops | Line 232 | Fetched 26 crops (skip=0, limit=100)
2026-02-01 18:56:42,817 | [INFO] | smart_agri_logger | get_all_crops | Line 232 | Fetched 26 crops (skip=0, limit=100)
2026-02-01 18:56:47,075 | [INFO] | smart_agri_logger | get_all_crops | Line 232 | Fetched 26 crops (skip=0, limit=100)
2026-02-01 18:56:57,176 | [INFO] | smart_agri_logger | get_all_crops | Line 232 | Fetched 26 crops (skip=0, limit=100)
2026-02-01 19:09:07,405 | [INFO] | smart_agri_logger | get_all_crops | Line 232 | Fetched 26 crops (skip=0, limit=100)
2026-02-01 19:12:18,241 | [INFO] | smart_agri_logger | get_all_crops | Line 232 | Fetched 26 crops (skip=0, limit=100)
2026-02-01 19:20:33,507 | [INFO] | smart_agri_logger | get_all_crops | Line 232 | Fetched 26 crops (skip=0, limit=100)
2026-02-01 19:23:45,056 | [INFO] | smart_agri_logger | get_all_crops | Line 232 | Fetched 26 crops (skip=0, limit=100)
2026-02-01 19:23:50,435 | [INFO] | smart_agri_logger | get_all_crops | Line 232 | Fetched 26 crops (skip=0, limit=100)
2026-02-01 19:37:51,748 | [INFO] | smart_agri_logger | get_all_crops | Line 232 | Fetched 26 crops (skip=0, limit=100)
2026-02-01 19:46:42,529 | [INFO] | smart_agri_logger | get_all_crops | Line 232 | Fetched 26 crops (skip=0, limit=100)
2026-02-01 19:46:49,524 | [INFO] | smart_agri_logger | get_all_crops | Line 232 | Fetched 26 crops (skip=0, limit=100)
2026-02-01 20:00:52,401 | [INFO] | smart_agri_logger | get_all_crops | Line 232 | Fetched 26 crops (skip=0, limit=100)
2026-02-01 20:43:15,531 | [INFO] | smart_agri_logger | get_my_crops | Line 337 | Fetched 25 crops for farmer 7d577d72-4704-48d1-a0f2-763c02f04533 (skip=0, limit=100)
2026-02-01 20:43:43,126 | [INFO] | smart_agri_logger | get_my_crops | Line 337 | Fetched 25 crops for farmer 7d577d72-4704-48d1-a0f2-763c02f04533 (skip=0, limit=100)
2026-02-01 20:46:55,753 | [INFO] | smart_agri_logger | get_all_crops | Line 232 | Fetched 26 crops (skip=0, limit=100)
2026-02-01 20:47:02,790 | [INFO] | smart_agri_logger | get_all_crops | Line 232 | Fetched 26 crops (skip=0, limit=100)
2026-02-01 20:47:11,866 | [INFO] | smart_agri_logger | get_all_crops | Line 232 | Fetched 26 crops (skip=0, limit=100)
2026-02-01 20:47:44,398 | [INFO] | smart_agri_logger | get_all_crops | Line 232 | Fetched 26 crops (skip=0, limit=100)
2026-02-01 20:47:59,064 | [INFO] | smart_agri_logger | get_my_crops | Line 337 | Fetched 25 crops for farmer 7d577d72-4704-48d1-a0f2-763c02f04533 (skip=0, limit=100)
2026-02-01 20:48:41,241 | [INFO] | smart_agri_logger | get_my_crops | Line 337 | Fetched 25 crops for farmer 7d577d72-4704-48d1-a0f2-763c02f04533 (skip=0, limit=100)
2026-02-01 20:48:47,042 | [INFO] | smart_agri_logger | get_my_crops | Line 337 | Fetched 25 crops for farmer 7d577d72-4704-48d1-a0f2-763c02f04533 (skip=0, limit=100)
2026-02-01 20:48:54,319 | [INFO] | smart_agri_logger | get_my_crops | Line 337 | Fetched 25 crops for farmer 7d577d72-4704-48d1-a0f2-763c02f04533 (skip=0, limit=100)
2026-02-01 20:49:07,174 | [INFO] | smart_agri_logger | get_my_crops | Line 337 | Fetched 25 crops for farmer 7d577d72-4704-48d1-a0f2-763c02f04533 (skip=0, limit=100)
2026-02-01 20:49:53,915 | [INFO] | smart_agri_logger | get_my_crops | Line 337 | Fetched 25 crops for farmer 7d577d72-4704-48d1-a0f2-763c02f04533 (skip=0, limit=100)
2026-02-01 20:53:53,133 | [INFO] | smart_agri_logger | get_all_crops | Line 232 | Fetched 26 crops (skip=0, limit=100)
2026-02-01 20:54:45,958 | [INFO] | smart_agri_logger | get_all_crops | Line 232 | Fetched 26 crops (skip=0, limit=100)
2026-02-01 20:54:46,156 | [INFO] | smart_agri_logger | get_all_crops | Line 232 | Fetched 26 crops (skip=0, limit=100)
2026-02-01 20:54:46,207 | [INFO] | smart_agri_logger | get_all_crops | Line 232 | Fetched 26 crops (skip=0, limit=100)
2026-02-01 20:55:07,203 | [INFO] | smart_agri_logger | get_all_crops | Line 232 | Fetched 26 crops (skip=0, limit=100)
2026-02-01 20:55:07,324 | [INFO] | smart_agri_logger | get_all_crops | Line 232 | Fetched 26 crops (skip=0, limit=100)
2026-02-01 21:17:29,444 | [INFO] | smart_agri_logger | get_all_crops | Line 232 | Fetched 26 crops (skip=0, limit=100)
2026-02-01 21:17:58,999 | [INFO] | smart_agri_logger | get_all_crops | Line 232 | Fetched 26 crops (skip=0, limit=100)
2026-02-01 21:18:00,407 | [INFO] | smart_agri_logger | get_all_crops | Line 232 | Fetched 26 crops (skip=0, limit=100)
2026-02-01 21:18:01,571 | [INFO] | smart_agri_logger | get_all_crops | Line 232 | Fetched 26 crops (skip=0, limit=100)
2026-02-01 21:18:17,976 | [INFO] | smart_agri_logger | get_all_crops | Line 232 | Fetched 26 crops (skip=0, limit=100)
2026-02-01 21:18:21,770 | [INFO] | smart_agri_logger | get_all_crops | Line 232 | Fetched 26 crops (skip=0, limit=100)
2026-02-01 21:20:36,206 | [INFO] | smart_agri_logger | get_all_crops | Line 232 | Fetched 26 crops (skip=0, limit=100)
2026-02-01 21:20:46,070 | [INFO] | smart_agri_logger | get_all_crops | Line 232 | Fetched 26 crops (skip=0, limit=100)
2026-02-01 21:20:47,369 | [INFO] | smart_agri_logger | get_all_crops | Line 232 | Fetched 26 crops (skip=0, limit=100)
2026-02-01 21:21:42,264 | [INFO] | smart_agri_logger | get_all_crops | Line 232 | Fetched 26 crops (skip=0, limit=100)
2026-02-01 21:21:43,641 | [INFO] | smart_agri_logger | get_all_crops | Line 232 | Fetched 26 crops (skip=0, limit=100)
2026-02-01 21:21:47,351 | [INFO] | smart_agri_logger | get_all_crops | Line 232 | Fetched 26 crops (skip=0, limit=100)
2026-02-01 21:21:51,486 | [INFO] | smart_agri_logger | get_all_crops | Line 232 | Fetched 26 crops (skip=0, limit=100)
2026-02-01 21:22:35,498 | [INFO] | smart_agri_logger | get_all_crops | Line 232 | Fetched 26 crops (skip=0, limit=100)
2026-02-01 21:23:25,298 | [INFO] | smart_agri_logger | get_all_crops | Line 232 | Fetched 26 crops (skip=0, limit=100)
2026-02-01 21:23:40,180 | [INFO] | smart_agri_logger | get_all_crops | Line 232 | Fetched 26 crops (skip=0, limit=100)
2026-02-01 21:23:52,305 | [INFO] | smart_agri_logger | get_all_crops | Line 232 | Fetched 26 crops (skip=0, limit=100)
2026-02-01 21:24:21,285 | [INFO] | smart_agri_logger | get_all_crops | Line 232 | Fetched 26 crops (skip=0, limit=100)
2026-02-01 21:24:28,071 | [INFO] | smart_agri_logger | get_all_crops | Line 232 | Fetched 26 crops (skip=0, limit=100)
2026-02-01 21:24:31,065 | [INFO] | smart_agri_logger | get_all_crops | Line 232 | Fetched 26 crops (skip=0, limit=100)
2026-02-01 21:24:36,907 | [INFO] | smart_agri_logger | get_all_crops | Line 232 | Fetched 26 crops (skip=0, limit=100)
2026-02-01 21:24:40,021 | [INFO] | smart_agri_logger | get_all_crops | Line 232 | Fetched 26 crops (skip=0, limit=100)
2026-02-01 21:24:49,501 | [INFO] | smart_agri_logger | get_all_crops | Line 232 | Fetched 26 crops (skip=0, limit=100)
2026-02-01 21:24:54,906 | [INFO] | smart_agri_logger | get_all_crops | Line 232 | Fetched 26 crops (skip=0, limit=100)
2026-02-01 21:26:14,908 | [INFO] | smart_agri_logger | get_all_crops | Line 232 | Fetched 26 crops (skip=0, limit=100)
2026-02-01 21:27:07,567 | [INFO] | smart_agri_logger | get_all_crops | Line 232 | Fetched 26 crops (skip=0, limit=100)
2026-02-01 21:27:51,319 | [INFO] | smart_agri_logger | get_all_crops | Line 232 | Fetched 26 crops (skip=0, limit=100)
2026-02-01 21:28:25,978 | [INFO] | smart_agri_logger | get_all_crops | Line 232 | Fetched 26 crops (skip=0, limit=100)
2026-02-01 21:28:27,795 | [INFO] | smart_agri_logger | get_all_crops | Line 232 | Fetched 26 crops (skip=0, limit=100)
2026-02-01 21:28:55,320 | [INFO] | smart_agri_logger | get_all_crops | Line 232 | Fetched 26 crops (skip=0, limit=100)
2026-02-01 21:33:34,203 | [INFO] | smart_agri_logger | get_all_crops | Line 232 | Fetched 26 crops (skip=0, limit=100)
2026-02-01 21:35:16,850 | [INFO] | smart_agri_logger | get_all_crops | Line 232 | Fetched 26 crops (skip=0, limit=100)
2026-02-01 21:35:17,953 | [INFO] | smart_agri_logger | get_all_crops | Line 232 | Fetched 26 crops (skip=0, limit=100)
2026-02-01 21:36:21,713 | [INFO] | smart_agri_logger | get_all_crops | Line 232 | Fetched 26 crops (skip=0, limit=100)
2026-02-01 21:37:20,477 | [INFO] | smart_agri_logger | get_all_crops | Line 232 | Fetched 26 crops (skip=0, limit=100)
